Archive member included to satisfy reference by file (symbol)

c:/users/laffargue/documents/robot_surveillance/logiciels/stm32cubeide_1.6.0/stm32cubeide/plugins/com.st.stm32cube.ide.mcu.externaltools.gnu-tools-for-stm32.9-2020-q2-update.win32_1.5.0.202011040924/tools/bin/../lib/gcc/arm-none-eabi/9.3.1/../../../../arm-none-eabi/lib/thumb/v7e-m+dp/hard\libc_nano.a(lib_a-errno.o)
                              Core/Src/syscalls.o (__errno)
c:/users/laffargue/documents/robot_surveillance/logiciels/stm32cubeide_1.6.0/stm32cubeide/plugins/com.st.stm32cube.ide.mcu.externaltools.gnu-tools-for-stm32.9-2020-q2-update.win32_1.5.0.202011040924/tools/bin/../lib/gcc/arm-none-eabi/9.3.1/../../../../arm-none-eabi/lib/thumb/v7e-m+dp/hard\libc_nano.a(lib_a-exit.o)
                              c:/users/laffargue/documents/robot_surveillance/logiciels/stm32cubeide_1.6.0/stm32cubeide/plugins/com.st.stm32cube.ide.mcu.externaltools.gnu-tools-for-stm32.9-2020-q2-update.win32_1.5.0.202011040924/tools/bin/../lib/gcc/arm-none-eabi/9.3.1/../../../../arm-none-eabi/lib/thumb/v7e-m+dp/hard/crt0.o (exit)
c:/users/laffargue/documents/robot_surveillance/logiciels/stm32cubeide_1.6.0/stm32cubeide/plugins/com.st.stm32cube.ide.mcu.externaltools.gnu-tools-for-stm32.9-2020-q2-update.win32_1.5.0.202011040924/tools/bin/../lib/gcc/arm-none-eabi/9.3.1/../../../../arm-none-eabi/lib/thumb/v7e-m+dp/hard\libc_nano.a(lib_a-impure.o)
                              c:/users/laffargue/documents/robot_surveillance/logiciels/stm32cubeide_1.6.0/stm32cubeide/plugins/com.st.stm32cube.ide.mcu.externaltools.gnu-tools-for-stm32.9-2020-q2-update.win32_1.5.0.202011040924/tools/bin/../lib/gcc/arm-none-eabi/9.3.1/../../../../arm-none-eabi/lib/thumb/v7e-m+dp/hard\libc_nano.a(lib_a-exit.o) (_global_impure_ptr)
c:/users/laffargue/documents/robot_surveillance/logiciels/stm32cubeide_1.6.0/stm32cubeide/plugins/com.st.stm32cube.ide.mcu.externaltools.gnu-tools-for-stm32.9-2020-q2-update.win32_1.5.0.202011040924/tools/bin/../lib/gcc/arm-none-eabi/9.3.1/../../../../arm-none-eabi/lib/thumb/v7e-m+dp/hard\libc_nano.a(lib_a-init.o)
                              c:/users/laffargue/documents/robot_surveillance/logiciels/stm32cubeide_1.6.0/stm32cubeide/plugins/com.st.stm32cube.ide.mcu.externaltools.gnu-tools-for-stm32.9-2020-q2-update.win32_1.5.0.202011040924/tools/bin/../lib/gcc/arm-none-eabi/9.3.1/../../../../arm-none-eabi/lib/thumb/v7e-m+dp/hard/crt0.o (__libc_init_array)
c:/users/laffargue/documents/robot_surveillance/logiciels/stm32cubeide_1.6.0/stm32cubeide/plugins/com.st.stm32cube.ide.mcu.externaltools.gnu-tools-for-stm32.9-2020-q2-update.win32_1.5.0.202011040924/tools/bin/../lib/gcc/arm-none-eabi/9.3.1/../../../../arm-none-eabi/lib/thumb/v7e-m+dp/hard\libc_nano.a(lib_a-memset.o)
                              c:/users/laffargue/documents/robot_surveillance/logiciels/stm32cubeide_1.6.0/stm32cubeide/plugins/com.st.stm32cube.ide.mcu.externaltools.gnu-tools-for-stm32.9-2020-q2-update.win32_1.5.0.202011040924/tools/bin/../lib/gcc/arm-none-eabi/9.3.1/../../../../arm-none-eabi/lib/thumb/v7e-m+dp/hard/crt0.o (memset)
c:/users/laffargue/documents/robot_surveillance/logiciels/stm32cubeide_1.6.0/stm32cubeide/plugins/com.st.stm32cube.ide.mcu.externaltools.gnu-tools-for-stm32.9-2020-q2-update.win32_1.5.0.202011040924/tools/bin/../lib/gcc/arm-none-eabi/9.3.1/../../../../arm-none-eabi/lib/thumb/v7e-m+dp/hard\libc_nano.a(lib_a-sprintf.o)
                              Core/Src/debug.o (sprintf)
c:/users/laffargue/documents/robot_surveillance/logiciels/stm32cubeide_1.6.0/stm32cubeide/plugins/com.st.stm32cube.ide.mcu.externaltools.gnu-tools-for-stm32.9-2020-q2-update.win32_1.5.0.202011040924/tools/bin/../lib/gcc/arm-none-eabi/9.3.1/../../../../arm-none-eabi/lib/thumb/v7e-m+dp/hard\libc_nano.a(lib_a-strlen.o)
                              Core/Src/debug.o (strlen)
c:/users/laffargue/documents/robot_surveillance/logiciels/stm32cubeide_1.6.0/stm32cubeide/plugins/com.st.stm32cube.ide.mcu.externaltools.gnu-tools-for-stm32.9-2020-q2-update.win32_1.5.0.202011040924/tools/bin/../lib/gcc/arm-none-eabi/9.3.1/../../../../arm-none-eabi/lib/thumb/v7e-m+dp/hard\libc_nano.a(lib_a-nano-svfprintf.o)
                              c:/users/laffargue/documents/robot_surveillance/logiciels/stm32cubeide_1.6.0/stm32cubeide/plugins/com.st.stm32cube.ide.mcu.externaltools.gnu-tools-for-stm32.9-2020-q2-update.win32_1.5.0.202011040924/tools/bin/../lib/gcc/arm-none-eabi/9.3.1/../../../../arm-none-eabi/lib/thumb/v7e-m+dp/hard\libc_nano.a(lib_a-sprintf.o) (_svfprintf_r)
c:/users/laffargue/documents/robot_surveillance/logiciels/stm32cubeide_1.6.0/stm32cubeide/plugins/com.st.stm32cube.ide.mcu.externaltools.gnu-tools-for-stm32.9-2020-q2-update.win32_1.5.0.202011040924/tools/bin/../lib/gcc/arm-none-eabi/9.3.1/../../../../arm-none-eabi/lib/thumb/v7e-m+dp/hard\libc_nano.a(lib_a-nano-vfprintf_i.o)
[...]
Memory Configuration

Name             Origin             Length             Attributes
RAM              0x0000000020000000 0x0000000000080000 xrw
FLASH            0x0000000008000000 0x0000000000200000 xr
*default*        0x0000000000000000 0xffffffffffffffff

Linker script and memory map

LOAD c:/users/laffargue/documents/robot_surveillance/logiciels/stm32cubeide_1.6.0/stm32cubeide/plugins/com.st.stm32cube.ide.mcu.externaltools.gnu-tools-for-stm32.9-2020-q2-update.win32_1.5.0.202011040924/tools/bin/../lib/gcc/arm-none-eabi/9.3.1/thumb/v7e-m+dp/hard/crti.o
LOAD c:/users/laffargue/documents/robot_surveillance/logiciels/stm32cubeide_1.6.0/stm32cubeide/plugins/com.st.stm32cube.ide.mcu.externaltools.gnu-tools-for-stm32.9-2020-q2-update.win32_1.5.0.202011040924/tools/bin/../lib/gcc/arm-none-eabi/9.3.1/thumb/v7e-m+dp/hard/crtbegin.o
LOAD c:/users/laffargue/documents/robot_surveillance/logiciels/stm32cubeide_1.6.0/stm32cubeide/plugins/com.st.stm32cube.ide.mcu.externaltools.gnu-tools-for-stm32.9-2020-q2-update.win32_1.5.0.202011040924/tools/bin/../lib/gcc/arm-none-eabi/9.3.1/../../../../arm-none-eabi/lib/thumb/v7e-m+dp/hard/crt0.o
LOAD Core/Src/brain.o
LOAD Core/Src/corrector.o
LOAD Core/Src/debug.o
LOAD Core/Src/it.o
LOAD Core/Src/joystick.o
LOAD Core/Src/main.o
LOAD Core/Src/motors.o
LOAD Core/Src/odometry.o
LOAD Core/Src/pilote.o
LOAD Core/Src/secretary.o
LOAD Core/Src/stm32f7xx_hal_msp.o
LOAD Core/Src/stm32f7xx_it.o
LOAD Core/Src/syscalls.o
LOAD Core/Src/sysmem.o
LOAD Core/Src/system_stm32f7xx.o
LOAD Core/Startup/startup_stm32f765zitx.o
LOAD Drivers/STM32F7xx_HAL_Driver/Src/stm32f7xx_hal.o
LOAD Drivers/STM32F7xx_HAL_Driver/Src/stm32f7xx_hal_adc.o
LOAD Drivers/STM32F7xx_HAL_Driver/Src/stm32f7xx_hal_adc_ex.o
LOAD Drivers/STM32F7xx_HAL_Driver/Src/stm32f7xx_hal_cortex.o
LOAD Drivers/STM32F7xx_HAL_Driver/Src/stm32f7xx_hal_dma.o
LOAD Drivers/STM32F7xx_HAL_Driver/Src/stm32f7xx_hal_dma_ex.o
LOAD Drivers/STM32F7xx_HAL_Driver/Src/stm32f7xx_hal_exti.o
LOAD Drivers/STM32F7xx_HAL_Driver/Src/stm32f7xx_hal_flash.o
LOAD Drivers/STM32F7xx_HAL_Driver/Src/stm32f7xx_hal_flash_ex.o
LOAD Drivers/STM32F7xx_HAL_Driver/Src/stm32f7xx_hal_gpio.o
LOAD Drivers/STM32F7xx_HAL_Driver/Src/stm32f7xx_hal_i2c.o
LOAD Drivers/STM32F7xx_HAL_Driver/Src/stm32f7xx_hal_i2c_ex.o
LOAD Drivers/STM32F7xx_HAL_Driver/Src/stm32f7xx_hal_pwr.o
LOAD Drivers/STM32F7xx_HAL_Driver/Src/stm32f7xx_hal_pwr_ex.o
LOAD Drivers/STM32F7xx_HAL_Driver/Src/stm32f7xx_hal_rcc.o
LOAD Drivers/STM32F7xx_HAL_Driver/Src/stm32f7xx_hal_rcc_ex.o
LOAD Drivers/STM32F7xx_HAL_Driver/Src/stm32f7xx_hal_spi.o
LOAD Drivers/STM32F7xx_HAL_Driver/Src/stm32f7xx_hal_spi_ex.o
LOAD Drivers/STM32F7xx_HAL_Driver/Src/stm32f7xx_hal_tim.o
LOAD Drivers/STM32F7xx_HAL_Driver/Src/stm32f7xx_hal_tim_ex.o
LOAD Drivers/STM32F7xx_HAL_Driver/Src/stm32f7xx_hal_uart.o
LOAD Drivers/STM32F7xx_HAL_Driver/Src/stm32f7xx_hal_uart_ex.o
START GROUP
LOAD c:/users/laffargue/documents/robot_surveillance/logiciels/stm32cubeide_1.6.0/stm32cubeide/plugins/com.st.stm32cube.ide.mcu.externaltools.gnu-tools-for-stm32.9-2020-q2-update.win32_1.5.0.202011040924/tools/bin/../lib/gcc/arm-none-eabi/9.3.1/../../../../arm-none-eabi/lib/thumb/v7e-m+dp/hard\libc_nano.a
LOAD c:/users/laffargue/documents/robot_surveillance/logiciels/stm32cubeide_1.6.0/stm32cubeide/plugins/com.st.stm32cube.ide.mcu.externaltools.gnu-tools-for-stm32.9-2020-q2-update.win32_1.5.0.202011040924/tools/bin/../lib/gcc/arm-none-eabi/9.3.1/../../../../arm-none-eabi/lib/thumb/v7e-m+dp/hard\libm.a
END GROUP
START GROUP
LOAD c:/users/laffargue/documents/robot_surveillance/logiciels/stm32cubeide_1.6.0/stm32cubeide/plugins/com.st.stm32cube.ide.mcu.externaltools.gnu-tools-for-stm32.9-2020-q2-update.win32_1.5.0.202011040924/tools/bin/../lib/gcc/arm-none-eabi/9.3.1/thumb/v7e-m+dp/hard\libgcc.a
LOAD c:/users/laffargue/documents/robot_surveillance/logiciels/stm32cubeide_1.6.0/stm32cubeide/plugins/com.st.stm32cube.ide.mcu.externaltools.gnu-tools-for-stm32.9-2020-q2-update.win32_1.5.0.202011040924/tools/bin/../lib/gcc/arm-none-eabi/9.3.1/../../../../arm-none-eabi/lib/thumb/v7e-m+dp/hard\libc_nano.a
END GROUP
START GROUP
LOAD c:/users/laffargue/documents/robot_surveillance/logiciels/stm32cubeide_1.6.0/stm32cubeide/plugins/com.st.stm32cube.ide.mcu.externaltools.gnu-tools-for-stm32.9-2020-q2-update.win32_1.5.0.202011040924/tools/bin/../lib/gcc/arm-none-eabi/9.3.1/thumb/v7e-m+dp/hard\libgcc.a
LOAD c:/users/laffargue/documents/robot_surveillance/logiciels/stm32cubeide_1.6.0/stm32cubeide/plugins/com.st.stm32cube.ide.mcu.externaltools.gnu-tools-for-stm32.9-2020-q2-update.win32_1.5.0.202011040924/tools/bin/../lib/gcc/arm-none-eabi/9.3.1/../../../../arm-none-eabi/lib/thumb/v7e-m+dp/hard\libc_nano.a
LOAD c:/users/laffargue/documents/robot_surveillance/logiciels/stm32cubeide_1.6.0/stm32cubeide/plugins/com.st.stm32cube.ide.mcu.externaltools.gnu-tools-for-stm32.9-2020-q2-update.win32_1.5.0.202011040924/tools/bin/../lib/gcc/arm-none-eabi/9.3.1/../../../../arm-none-eabi/lib/thumb/v7e-m+dp/hard\libnosys.a
END GROUP
START GROUP
LOAD c:/users/laffargue/documents/robot_surveillance/logiciels/stm32cubeide_1.6.0/stm32cubeide/plugins/com.st.stm32cube.ide.mcu.externaltools.gnu-tools-for-stm32.9-2020-q2-update.win32_1.5.0.202011040924/tools/bin/../lib/gcc/arm-none-eabi/9.3.1/thumb/v7e-m+dp/hard\libgcc.a
LOAD c:/users/laffargue/documents/robot_surveillance/logiciels/stm32cubeide_1.6.0/stm32cubeide/plugins/com.st.stm32cube.ide.mcu.externaltools.gnu-tools-for-stm32.9-2020-q2-update.win32_1.5.0.202011040924/tools/bin/../lib/gcc/arm-none-eabi/9.3.1/../../../../arm-none-eabi/lib/thumb/v7e-m+dp/hard\libc_nano.a
LOAD c:/users/laffargue/documents/robot_surveillance/logiciels/stm32cubeide_1.6.0/stm32cubeide/plugins/com.st.stm32cube.ide.mcu.externaltools.gnu-tools-for-stm32.9-2020-q2-update.win32_1.5.0.202011040924/tools/bin/../lib/gcc/arm-none-eabi/9.3.1/../../../../arm-none-eabi/lib/thumb/v7e-m+dp/hard\libnosys.a
END GROUP
LOAD c:/users/laffargue/documents/robot_surveillance/logiciels/stm32cubeide_1.6.0/stm32cubeide/plugins/com.st.stm32cube.ide.mcu.externaltools.gnu-tools-for-stm32.9-2020-q2-update.win32_1.5.0.202011040924/tools/bin/../lib/gcc/arm-none-eabi/9.3.1/thumb/v7e-m+dp/hard/crtend.o
LOAD c:/users/laffargue/documents/robot_surveillance/logiciels/stm32cubeide_1.6.0/stm32cubeide/plugins/com.st.stm32cube.ide.mcu.externaltools.gnu-tools-for-stm32.9-2020-q2-update.win32_1.5.0.202011040924/tools/bin/../lib/gcc/arm-none-eabi/9.3.1/thumb/v7e-m+dp/hard/crtn.o
                0x0000000020080000                _estack = (ORIGIN (RAM) + LENGTH (RAM))
                0x0000000000000200                _Min_Heap_Size = 0x200
                0x0000000000000400                _Min_Stack_Size = 0x400

.isr_vector     0x0000000008000000      0x1f8
                0x0000000008000000                . = ALIGN (0x4)
 *(.isr_vector)
 .isr_vector    0x0000000008000000      0x1f8 Core/Startup/startup_stm32f765zitx.o
                0x0000000008000000                g_pfnVectors
                0x00000000080001f8                . = ALIGN (0x4)

.text           0x00000000080001f8     0x82a4
                0x00000000080001f8                . = ALIGN (0x4)
 *(.text)
 .text          0x00000000080001f8       0x40 c:/users/laffargue/documents/robot_surveillance/logiciels/stm32cubeide_1.6.0/stm32cubeide/plugins/com.st.stm32cube.ide.mcu.externaltools.gnu-tools-for-stm32.9-2020-q2-update.win32_1.5.0.202011040924/tools/bin/../lib/gcc/arm-none-eabi/9.3.1/thumb/v7e-m+dp/hard/crtbegin.o
 .text          0x0000000008000238       0x30 c:/users/laffargue/documents/robot_surveillance/logiciels/stm32cubeide_1.6.0/stm32cubeide/plugins/com.st.stm32cube.ide.mcu.externaltools.gnu-tools-for-stm32.9-2020-q2-update.win32_1.5.0.202011040924/tools/bin/../lib/gcc/arm-none-eabi/9.3.1/thumb/v7e-m+dp/hard\libgcc.a(_aeabi_uldivmod.o)
                0x0000000008000238                __aeabi_uldivmod
 .text          0x0000000008000268      0x2c4 c:/users/laffargue/documents/robot_surveillance/logiciels/stm32cubeide_1.6.0/stm32cubeide/plugins/com.st.stm32cube.ide.mcu.externaltools.gnu-tools-for-stm32.9-2020-q2-update.win32_1.5.0.202011040924/tools/bin/../lib/gcc/arm-none-eabi/9.3.1/thumb/v7e-m+dp/hard\libgcc.a(_udivmoddi4.o)
                0x0000000008000268                __udivmoddi4
 .text          0x000000000800052c        0x4 c:/users/laffargue/documents/robot_surveillance/logiciels/stm32cubeide_1.6.0/stm32cubeide/plugins/com.st.stm32cube.ide.mcu.externaltools.gnu-tools-for-stm32.9-2020-q2-update.win32_1.5.0.202011040924/tools/bin/../lib/gcc/arm-none-eabi/9.3.1/thumb/v7e-m+dp/hard\libgcc.a(_dvmd_tls.o)
                0x000000000800052c                __aeabi_idiv0
                0x000000000800052c                __aeabi_ldiv0
 *(.text*)
 .text.BRAIN_main
                0x0000000008000530      0x10c Core/Src/brain.o
                0x0000000008000530                BRAIN_main
 *fill*         0x000000000800063c        0x4 
 .text.CORRECTOR_pid
                0x0000000008000640      0x500 Core/Src/corrector.o
                0x0000000008000640                CORRECTOR_pid
 .text.IT_init  0x0000000008000b40       0x30 Core/Src/it.o
                0x0000000008000b40                IT_init
 .text.HAL_TIM_PeriodElapsedCallback
                0x0000000008000b70       0x34 Core/Src/it.o
                0x0000000008000b70                HAL_TIM_PeriodElapsedCallback
 .text.HAL_UART_RxCpltCallback
                0x0000000008000ba4       0x3c Core/Src/it.o
                0x0000000008000ba4                HAL_UART_RxCpltCallback
 .text.main     0x0000000008000be0       0x86 Core/Src/main.o
                0x0000000008000be0                main
 *fill*         0x0000000008000c66        0x2 
 .text.SystemClock_Config
                0x0000000008000c68      0x12c Core/Src/main.o
                0x0000000008000c68                SystemClock_Config
 .text.MX_ADC1_Init
                0x0000000008000d94       0xc4 Core/Src/main.o
 .text.MX_ADC3_Init
                0x0000000008000e58       0xf8 Core/Src/main.o
 .text.MX_I2C4_Init
                0x0000000008000f50       0x80 Core/Src/main.o
 .text.MX_SPI1_Init
                0x0000000008000fd0       0x7c Core/Src/main.o
 .text.MX_SPI2_Init
                0x000000000800104c       0x70 Core/Src/main.o
 .text.MX_SPI3_Init
                0x00000000080010bc       0x7c Core/Src/main.o
 .text.MX_SPI4_Init
                0x0000000008001138       0x70 Core/Src/main.o
 .text.MX_SPI6_Init
                0x00000000080011a8       0x7c Core/Src/main.o
 .text.MX_TIM2_Init
                0x0000000008001224       0xa8 Core/Src/main.o
 .text.MX_TIM3_Init
                0x00000000080012cc       0xac Core/Src/main.o
 .text.MX_TIM4_Init
                0x0000000008001378       0xac Core/Src/main.o
 .text.MX_TIM5_Init
                0x0000000008001424       0xac Core/Src/main.o
 .text.MX_TIM6_Init
                0x00000000080014d0       0x70 Core/Src/main.o
 .text.MX_TIM7_Init
                0x0000000008001540       0x6c Core/Src/main.o
 .text.MX_TIM8_Init
                0x00000000080015ac      0x178 Core/Src/main.o
 .text.MX_TIM9_Init
                0x0000000008001724       0xe0 Core/Src/main.o
 .text.MX_TIM10_Init
                0x0000000008001804       0x9c Core/Src/main.o
 .text.MX_TIM11_Init
                0x00000000080018a0       0x9c Core/Src/main.o
 .text.MX_TIM13_Init
                0x000000000800193c       0x9c Core/Src/main.o
 .text.MX_TIM14_Init
                0x00000000080019d8       0x9c Core/Src/main.o
 .text.MX_USART1_UART_Init
                0x0000000008001a74       0x60 Core/Src/main.o
 .text.MX_USART2_UART_Init
                0x0000000008001ad4       0x60 Core/Src/main.o
 .text.MX_USART3_UART_Init
                0x0000000008001b34       0x60 Core/Src/main.o
 .text.MX_GPIO_Init
                0x0000000008001b94      0x25c Core/Src/main.o
 .text.board_message_init
                0x0000000008001df0       0x7c Core/Src/main.o
 .text.board_motors_init
                0x0000000008001e6c      0x108 Core/Src/main.o
 .text.board_encodeurs_init
                0x0000000008001f74       0x50 Core/Src/main.o
 .text.Error_Handler
                0x0000000008001fc4        0xe Core/Src/main.o
                0x0000000008001fc4                Error_Handler
 *fill*         0x0000000008001fd2        0x6 
 .text.MOTORS_update
                0x0000000008001fd8      0x384 Core/Src/motors.o
                0x0000000008001fd8                MOTORS_update
 .text.ODOMETRY_init
                0x000000000800235c       0x38 Core/Src/odometry.o
                0x000000000800235c                ODOMETRY_init
 *fill*         0x0000000008002394        0x4 
 .text.ODOMETRY_it_10ms
                0x0000000008002398      0x1b8 Core/Src/odometry.o
                0x0000000008002398                ODOMETRY_it_10ms
 .text.ODOMETRY_get_speed_robot
                0x0000000008002550       0x30 Core/Src/odometry.o
                0x0000000008002550                ODOMETRY_get_speed_robot
 .text.ODOMETRY_calcul_speed_robot
                0x0000000008002580      0x1d4 Core/Src/odometry.o
                0x0000000008002580                ODOMETRY_calcul_speed_robot
 *fill*         0x0000000008002754        0x4 
 .text.PILOTE_recieve_cmd
                0x0000000008002758      0x25c Core/Src/pilote.o
                0x0000000008002758                PILOTE_recieve_cmd
 .text.PILOTE_stop
                0x00000000080029b4       0x44 Core/Src/pilote.o
                0x00000000080029b4                PILOTE_stop
 .text.PILOTE_mouv
                0x00000000080029f8      0x164 Core/Src/pilote.o
                0x00000000080029f8                PILOTE_mouv
 .text.SECRETARY_dispatcher
                0x0000000008002b5c      0x128 Core/Src/secretary.o
                0x0000000008002b5c                SECRETARY_dispatcher
 *fill*         0x0000000008002c84        0x4 
 .text.SECRETARY_send_to_UltraBrain
                0x0000000008002c88      0x208 Core/Src/secretary.o
                0x0000000008002c88                SECRETARY_send_to_UltraBrain
 .text.SECRETARY_process_main
                0x0000000008002e90       0x4c Core/Src/secretary.o
                0x0000000008002e90                SECRETARY_process_main
 .text.HAL_MspInit
                0x0000000008002edc       0x48 Core/Src/stm32f7xx_hal_msp.o
                0x0000000008002edc                HAL_MspInit
 .text.HAL_ADC_MspInit
                0x0000000008002f24       0xf8 Core/Src/stm32f7xx_hal_msp.o
                0x0000000008002f24                HAL_ADC_MspInit
 .text.HAL_I2C_MspInit
                0x000000000800301c       0x88 Core/Src/stm32f7xx_hal_msp.o
                0x000000000800301c                HAL_I2C_MspInit
 .text.HAL_SPI_MspInit
                0x00000000080030a4      0x310 Core/Src/stm32f7xx_hal_msp.o
                0x00000000080030a4                HAL_SPI_MspInit
 .text.HAL_TIM_Encoder_MspInit
                0x00000000080033b4      0x1e4 Core/Src/stm32f7xx_hal_msp.o
                0x00000000080033b4                HAL_TIM_Encoder_MspInit
 .text.HAL_TIM_Base_MspInit
                0x0000000008003598      0x174 Core/Src/stm32f7xx_hal_msp.o
                0x0000000008003598                HAL_TIM_Base_MspInit
 .text.HAL_TIM_MspPostInit
                0x000000000800370c      0x1e4 Core/Src/stm32f7xx_hal_msp.o
                0x000000000800370c                HAL_TIM_MspPostInit
 .text.HAL_UART_MspInit
                0x00000000080038f0      0x180 Core/Src/stm32f7xx_hal_msp.o
                0x00000000080038f0                HAL_UART_MspInit
 .text.NMI_Handler
                0x0000000008003a70        0xe Core/Src/stm32f7xx_it.o
                0x0000000008003a70                NMI_Handler
 .text.HardFault_Handler
                0x0000000008003a7e        0x6 Core/Src/stm32f7xx_it.o
                0x0000000008003a7e                HardFault_Handler
 .text.MemManage_Handler
                0x0000000008003a84        0x6 Core/Src/stm32f7xx_it.o
                0x0000000008003a84                MemManage_Handler
 .text.BusFault_Handler
                0x0000000008003a8a        0x6 Core/Src/stm32f7xx_it.o
                0x0000000008003a8a                BusFault_Handler
 .text.UsageFault_Handler
                0x0000000008003a90        0x6 Core/Src/stm32f7xx_it.o
                0x0000000008003a90                UsageFault_Handler
 .text.SVC_Handler
                0x0000000008003a96        0xe Core/Src/stm32f7xx_it.o
                0x0000000008003a96                SVC_Handler
 .text.DebugMon_Handler
                0x0000000008003aa4        0xe Core/Src/stm32f7xx_it.o
                0x0000000008003aa4                DebugMon_Handler
 .text.PendSV_Handler
                0x0000000008003ab2        0xe Core/Src/stm32f7xx_it.o
                0x0000000008003ab2                PendSV_Handler
 .text.SysTick_Handler
                0x0000000008003ac0        0xc Core/Src/stm32f7xx_it.o
                0x0000000008003ac0                SysTick_Handler
 .text.ADC_IRQHandler
                0x0000000008003acc       0x1c Core/Src/stm32f7xx_it.o
                0x0000000008003acc                ADC_IRQHandler
 .text.SPI1_IRQHandler
                0x0000000008003ae8       0x14 Core/Src/stm32f7xx_it.o
                0x0000000008003ae8                SPI1_IRQHandler
 .text.SPI2_IRQHandler
                0x0000000008003afc       0x14 Core/Src/stm32f7xx_it.o
                0x0000000008003afc                SPI2_IRQHandler
 .text.USART1_IRQHandler
                0x0000000008003b10       0x14 Core/Src/stm32f7xx_it.o
                0x0000000008003b10                USART1_IRQHandler
 .text.USART2_IRQHandler
                0x0000000008003b24       0x14 Core/Src/stm32f7xx_it.o
                0x0000000008003b24                USART2_IRQHandler
 .text.USART3_IRQHandler
                0x0000000008003b38       0x14 Core/Src/stm32f7xx_it.o
                0x0000000008003b38                USART3_IRQHandler
 .text.SPI3_IRQHandler
                0x0000000008003b4c       0x14 Core/Src/stm32f7xx_it.o
                0x0000000008003b4c                SPI3_IRQHandler
 .text.TIM6_DAC_IRQHandler
                0x0000000008003b60       0x14 Core/Src/stm32f7xx_it.o
                0x0000000008003b60                TIM6_DAC_IRQHandler
 .text.TIM7_IRQHandler
                0x0000000008003b74       0x14 Core/Src/stm32f7xx_it.o
                0x0000000008003b74                TIM7_IRQHandler
 .text.SPI4_IRQHandler
                0x0000000008003b88       0x14 Core/Src/stm32f7xx_it.o
                0x0000000008003b88                SPI4_IRQHandler
 .text.SPI6_IRQHandler
                0x0000000008003b9c       0x14 Core/Src/stm32f7xx_it.o
                0x0000000008003b9c                SPI6_IRQHandler
 .text.SystemInit
                0x0000000008003bb0       0x6c Core/Src/system_stm32f7xx.o
                0x0000000008003bb0                SystemInit
 .text.Reset_Handler
                0x0000000008003c1c       0x50 Core/Startup/startup_stm32f765zitx.o
                0x0000000008003c1c                Reset_Handler
 .text.Default_Handler
                0x0000000008003c6c        0x2 Core/Startup/startup_stm32f765zitx.o
                0x0000000008003c6c                RTC_Alarm_IRQHandler
                0x0000000008003c6c                EXTI2_IRQHandler
                0x0000000008003c6c                TIM8_CC_IRQHandler
                0x0000000008003c6c                UART8_IRQHandler
                0x0000000008003c6c                TIM1_CC_IRQHandler
                0x0000000008003c6c                DMA2_Stream5_IRQHandler
                0x0000000008003c6c                DMA1_Stream5_IRQHandler
                0x0000000008003c6c                CAN3_RX1_IRQHandler
                0x0000000008003c6c                PVD_IRQHandler
                0x0000000008003c6c                TAMP_STAMP_IRQHandler
                0x0000000008003c6c                CAN2_RX1_IRQHandler
                0x0000000008003c6c                EXTI3_IRQHandler
                0x0000000008003c6c                TIM8_TRG_COM_TIM14_IRQHandler
                0x0000000008003c6c                DFSDM1_FLT1_IRQHandler
                0x0000000008003c6c                TIM1_UP_TIM10_IRQHandler
                0x0000000008003c6c                TIM8_UP_TIM13_IRQHandler
                0x0000000008003c6c                I2C3_ER_IRQHandler
                0x0000000008003c6c                DFSDM1_FLT2_IRQHandler
                0x0000000008003c6c                EXTI0_IRQHandler
                0x0000000008003c6c                I2C2_EV_IRQHandler
                0x0000000008003c6c                DMA1_Stream2_IRQHandler
                0x0000000008003c6c                CAN1_RX0_IRQHandler
                0x0000000008003c6c                FPU_IRQHandler
                0x0000000008003c6c                OTG_HS_WKUP_IRQHandler
                0x0000000008003c6c                CAN3_SCE_IRQHandler
                0x0000000008003c6c                CAN2_SCE_IRQHandler
                0x0000000008003c6c                DMA2_Stream2_IRQHandler
                0x0000000008003c6c                TIM1_BRK_TIM9_IRQHandler
                0x0000000008003c6c                DCMI_IRQHandler
                0x0000000008003c6c                CAN2_RX0_IRQHandler
                0x0000000008003c6c                DMA2_Stream3_IRQHandler
                0x0000000008003c6c                SAI2_IRQHandler
                0x0000000008003c6c                DFSDM1_FLT3_IRQHandler
                0x0000000008003c6c                USART6_IRQHandler
                0x0000000008003c6c                CAN3_RX0_IRQHandler
                0x0000000008003c6c                CAN1_RX1_IRQHandler
                0x0000000008003c6c                UART5_IRQHandler
                0x0000000008003c6c                DMA2_Stream0_IRQHandler
                0x0000000008003c6c                TIM4_IRQHandler
                0x0000000008003c6c                QUADSPI_IRQHandler
                0x0000000008003c6c                I2C1_EV_IRQHandler
                0x0000000008003c6c                DMA1_Stream6_IRQHandler
                0x0000000008003c6c                DMA1_Stream1_IRQHandler
                0x0000000008003c6c                UART4_IRQHandler
                0x0000000008003c6c                TIM3_IRQHandler
                0x0000000008003c6c                RCC_IRQHandler
                0x0000000008003c6c                TIM8_BRK_TIM12_IRQHandler
                0x0000000008003c6c                Default_Handler
                0x0000000008003c6c                CEC_IRQHandler
                0x0000000008003c6c                EXTI15_10_IRQHandler
                0x0000000008003c6c                DMA1_Stream7_IRQHandler
                0x0000000008003c6c                SPI5_IRQHandler
                0x0000000008003c6c                SDMMC1_IRQHandler
                0x0000000008003c6c                CAN2_TX_IRQHandler
                0x0000000008003c6c                TIM5_IRQHandler
                0x0000000008003c6c                DMA2_Stream7_IRQHandler
                0x0000000008003c6c                I2C3_EV_IRQHandler
                0x0000000008003c6c                EXTI9_5_IRQHandler
                0x0000000008003c6c                RTC_WKUP_IRQHandler
                0x0000000008003c6c                ETH_WKUP_IRQHandler
                0x0000000008003c6c                SPDIF_RX_IRQHandler
                0x0000000008003c6c                OTG_HS_EP1_IN_IRQHandler
                0x0000000008003c6c                DMA1_Stream0_IRQHandler
                0x0000000008003c6c                CAN1_TX_IRQHandler
                0x0000000008003c6c                EXTI4_IRQHandler
                0x0000000008003c6c                RNG_IRQHandler
                0x0000000008003c6c                ETH_IRQHandler
                0x0000000008003c6c                OTG_HS_EP1_OUT_IRQHandler
                0x0000000008003c6c                WWDG_IRQHandler
                0x0000000008003c6c                MDIOS_IRQHandler
                0x0000000008003c6c                I2C4_EV_IRQHandler
                0x0000000008003c6c                CAN3_TX_IRQHandler
                0x0000000008003c6c                TIM2_IRQHandler
                0x0000000008003c6c                OTG_FS_WKUP_IRQHandler
                0x0000000008003c6c                TIM1_TRG_COM_TIM11_IRQHandler
                0x0000000008003c6c                OTG_HS_IRQHandler
                0x0000000008003c6c                DMA2D_IRQHandler
                0x0000000008003c6c                EXTI1_IRQHandler
                0x0000000008003c6c                SDMMC2_IRQHandler
                0x0000000008003c6c                UART7_IRQHandler
                0x0000000008003c6c                DFSDM1_FLT0_IRQHandler
                0x0000000008003c6c                I2C2_ER_IRQHandler
                0x0000000008003c6c                DMA2_Stream1_IRQHandler
                0x0000000008003c6c                CAN1_SCE_IRQHandler
                0x0000000008003c6c                FLASH_IRQHandler
                0x0000000008003c6c                DMA2_Stream4_IRQHandler
                0x0000000008003c6c                OTG_FS_IRQHandler
                0x0000000008003c6c                DMA1_Stream4_IRQHandler
                0x0000000008003c6c                I2C1_ER_IRQHandler
                0x0000000008003c6c                FMC_IRQHandler
                0x0000000008003c6c                LPTIM1_IRQHandler
                0x0000000008003c6c                I2C4_ER_IRQHandler
                0x0000000008003c6c                DMA2_Stream6_IRQHandler
                0x0000000008003c6c                SAI1_IRQHandler
                0x0000000008003c6c                DMA1_Stream3_IRQHandler
 .text.HAL_Init
                0x0000000008003c6e       0x1a Drivers/STM32F7xx_HAL_Driver/Src/stm32f7xx_hal.o
                0x0000000008003c6e                HAL_Init
 .text.HAL_InitTick
                0x0000000008003c88       0x60 Drivers/STM32F7xx_HAL_Driver/Src/stm32f7xx_hal.o
                0x0000000008003c88                HAL_InitTick
 .text.HAL_IncTick
                0x0000000008003ce8       0x28 Drivers/STM32F7xx_HAL_Driver/Src/stm32f7xx_hal.o
                0x0000000008003ce8                HAL_IncTick
 .text.HAL_GetTick
                0x0000000008003d10       0x18 Drivers/STM32F7xx_HAL_Driver/Src/stm32f7xx_hal.o
                0x0000000008003d10                HAL_GetTick
 .text.HAL_ADC_Init
                0x0000000008003d28       0x88 Drivers/STM32F7xx_HAL_Driver/Src/stm32f7xx_hal_adc.o
                0x0000000008003d28                HAL_ADC_Init
 .text.HAL_ADC_IRQHandler
                0x0000000008003db0      0x282 Drivers/STM32F7xx_HAL_Driver/Src/stm32f7xx_hal_adc.o
                0x0000000008003db0                HAL_ADC_IRQHandler
 .text.HAL_ADC_ConvCpltCallback
                0x0000000008004032       0x14 Drivers/STM32F7xx_HAL_Driver/Src/stm32f7xx_hal_adc.o
                0x0000000008004032                HAL_ADC_ConvCpltCallback
 .text.HAL_ADC_LevelOutOfWindowCallback
                0x0000000008004046       0x14 Drivers/STM32F7xx_HAL_Driver/Src/stm32f7xx_hal_adc.o
                0x0000000008004046                HAL_ADC_LevelOutOfWindowCallback
 .text.HAL_ADC_ErrorCallback
                0x000000000800405a       0x14 Drivers/STM32F7xx_HAL_Driver/Src/stm32f7xx_hal_adc.o
                0x000000000800405a                HAL_ADC_ErrorCallback
 *fill*         0x000000000800406e        0x2 
 .text.HAL_ADC_ConfigChannel
                0x0000000008004070      0x268 Drivers/STM32F7xx_HAL_Driver/Src/stm32f7xx_hal_adc.o
                0x0000000008004070                HAL_ADC_ConfigChannel
 .text.ADC_Init
                0x00000000080042d8      0x1f4 Drivers/STM32F7xx_HAL_Driver/Src/stm32f7xx_hal_adc.o
 .text.HAL_ADCEx_InjectedConvCpltCallback
                0x00000000080044cc       0x14 Drivers/STM32F7xx_HAL_Driver/Src/stm32f7xx_hal_adc_ex.o
                0x00000000080044cc                HAL_ADCEx_InjectedConvCpltCallback
 .text.__NVIC_SetPriorityGrouping
                0x00000000080044e0       0x48 Drivers/STM32F7xx_HAL_Driver/Src/stm32f7xx_hal_cortex.o
 .text.__NVIC_GetPriorityGrouping
                0x0000000008004528       0x1c Drivers/STM32F7xx_HAL_Driver/Src/stm32f7xx_hal_cortex.o
 .text.__NVIC_EnableIRQ
                0x0000000008004544       0x3c Drivers/STM32F7xx_HAL_Driver/Src/stm32f7xx_hal_cortex.o
 .text.__NVIC_SetPriority
                0x0000000008004580       0x54 Drivers/STM32F7xx_HAL_Driver/Src/stm32f7xx_hal_cortex.o
 .text.NVIC_EncodePriority
                0x00000000080045d4       0x66 Drivers/STM32F7xx_HAL_Driver/Src/stm32f7xx_hal_cortex.o
 *fill*         0x000000000800463a        0x2 
 .text.__NVIC_SystemReset
                0x000000000800463c       0x2c Drivers/STM32F7xx_HAL_Driver/Src/stm32f7xx_hal_cortex.o
 .text.SysTick_Config
                0x0000000008004668       0x44 Drivers/STM32F7xx_HAL_Driver/Src/stm32f7xx_hal_cortex.o
 .text.HAL_NVIC_SetPriorityGrouping
                0x00000000080046ac       0x16 Drivers/STM32F7xx_HAL_Driver/Src/stm32f7xx_hal_cortex.o
                0x00000000080046ac                HAL_NVIC_SetPriorityGrouping
 .text.HAL_NVIC_SetPriority
                0x00000000080046c2       0x38 Drivers/STM32F7xx_HAL_Driver/Src/stm32f7xx_hal_cortex.o
                0x00000000080046c2                HAL_NVIC_SetPriority
 .text.HAL_NVIC_EnableIRQ
                0x00000000080046fa       0x1c Drivers/STM32F7xx_HAL_Driver/Src/stm32f7xx_hal_cortex.o
                0x00000000080046fa                HAL_NVIC_EnableIRQ
 .text.HAL_NVIC_SystemReset
                0x0000000008004716        0x8 Drivers/STM32F7xx_HAL_Driver/Src/stm32f7xx_hal_cortex.o
                0x0000000008004716                HAL_NVIC_SystemReset
 .text.HAL_SYSTICK_Config
                0x000000000800471e       0x18 Drivers/STM32F7xx_HAL_Driver/Src/stm32f7xx_hal_cortex.o
                0x000000000800471e                HAL_SYSTICK_Config
 .text.HAL_DMA_Abort_IT
                0x0000000008004736       0x44 Drivers/STM32F7xx_HAL_Driver/Src/stm32f7xx_hal_dma.o
                0x0000000008004736                HAL_DMA_Abort_IT
 *fill*         0x000000000800477a        0x2 
 .text.HAL_GPIO_Init
                0x000000000800477c      0x358 Drivers/STM32F7xx_HAL_Driver/Src/stm32f7xx_hal_gpio.o
                0x000000000800477c                HAL_GPIO_Init
 .text.HAL_GPIO_ReadPin
                0x0000000008004ad4       0x30 Drivers/STM32F7xx_HAL_Driver/Src/stm32f7xx_hal_gpio.o
                0x0000000008004ad4                HAL_GPIO_ReadPin
 .text.HAL_GPIO_WritePin
                0x0000000008004b04       0x32 Drivers/STM32F7xx_HAL_Driver/Src/stm32f7xx_hal_gpio.o
                0x0000000008004b04                HAL_GPIO_WritePin
 .text.HAL_GPIO_TogglePin
                0x0000000008004b36       0x36 Drivers/STM32F7xx_HAL_Driver/Src/stm32f7xx_hal_gpio.o
                0x0000000008004b36                HAL_GPIO_TogglePin
 .text.HAL_I2C_Init
                0x0000000008004b6c      0x120 Drivers/STM32F7xx_HAL_Driver/Src/stm32f7xx_hal_i2c.o
                0x0000000008004b6c                HAL_I2C_Init
 .text.HAL_I2CEx_ConfigAnalogFilter
                0x0000000008004c8c       0x96 Drivers/STM32F7xx_HAL_Driver/Src/stm32f7xx_hal_i2c_ex.o
                0x0000000008004c8c                HAL_I2CEx_ConfigAnalogFilter
 .text.HAL_I2CEx_ConfigDigitalFilter
                0x0000000008004d22       0x98 Drivers/STM32F7xx_HAL_Driver/Src/stm32f7xx_hal_i2c_ex.o
                0x0000000008004d22                HAL_I2CEx_ConfigDigitalFilter
 *fill*         0x0000000008004dba        0x2 
 .text.HAL_PWREx_EnableOverDrive
                0x0000000008004dbc       0xa0 Drivers/STM32F7xx_HAL_Driver/Src/stm32f7xx_hal_pwr_ex.o
                0x0000000008004dbc                HAL_PWREx_EnableOverDrive
 .text.HAL_RCC_OscConfig
                0x0000000008004e5c      0x4e4 Drivers/STM32F7xx_HAL_Driver/Src/stm32f7xx_hal_rcc.o
                0x0000000008004e5c                HAL_RCC_OscConfig
 .text.HAL_RCC_ClockConfig
                0x0000000008005340      0x1d0 Drivers/STM32F7xx_HAL_Driver/Src/stm32f7xx_hal_rcc.o
                0x0000000008005340                HAL_RCC_ClockConfig
 .text.HAL_RCC_GetSysClockFreq
                0x0000000008005510      0x1c4 Drivers/STM32F7xx_HAL_Driver/Src/stm32f7xx_hal_rcc.o
                0x0000000008005510                HAL_RCC_GetSysClockFreq
 .text.HAL_RCC_GetHCLKFreq
                0x00000000080056d4       0x18 Drivers/STM32F7xx_HAL_Driver/Src/stm32f7xx_hal_rcc.o
                0x00000000080056d4                HAL_RCC_GetHCLKFreq
 .text.HAL_RCC_GetPCLK1Freq
                0x00000000080056ec       0x28 Drivers/STM32F7xx_HAL_Driver/Src/stm32f7xx_hal_rcc.o
                0x00000000080056ec                HAL_RCC_GetPCLK1Freq
 .text.HAL_RCC_GetPCLK2Freq
                0x0000000008005714       0x28 Drivers/STM32F7xx_HAL_Driver/Src/stm32f7xx_hal_rcc.o
                0x0000000008005714                HAL_RCC_GetPCLK2Freq
 .text.HAL_RCCEx_PeriphCLKConfig
                0x000000000800573c      0x7dc Drivers/STM32F7xx_HAL_Driver/Src/stm32f7xx_hal_rcc_ex.o
                0x000000000800573c                HAL_RCCEx_PeriphCLKConfig
 .text.HAL_SPI_Init
                0x0000000008005f18      0x124 Drivers/STM32F7xx_HAL_Driver/Src/stm32f7xx_hal_spi.o
                0x0000000008005f18                HAL_SPI_Init
 .text.HAL_SPI_IRQHandler
                0x000000000800603c      0x200 Drivers/STM32F7xx_HAL_Driver/Src/stm32f7xx_hal_spi.o
                0x000000000800603c                HAL_SPI_IRQHandler
 .text.HAL_SPI_ErrorCallback
                0x000000000800623c       0x14 Drivers/STM32F7xx_HAL_Driver/Src/stm32f7xx_hal_spi.o
                0x000000000800623c                HAL_SPI_ErrorCallback
 .text.SPI_DMAAbortOnError
                0x0000000008006250       0x2a Drivers/STM32F7xx_HAL_Driver/Src/stm32f7xx_hal_spi.o
 .text.HAL_TIM_Base_Init
                0x000000000800627a       0x56 Drivers/STM32F7xx_HAL_Driver/Src/stm32f7xx_hal_tim.o
                0x000000000800627a                HAL_TIM_Base_Init
 .text.HAL_TIM_Base_Start_IT
                0x00000000080062d0       0x54 Drivers/STM32F7xx_HAL_Driver/Src/stm32f7xx_hal_tim.o
                0x00000000080062d0                HAL_TIM_Base_Start_IT
 .text.HAL_TIM_PWM_Init
                0x0000000008006324       0x56 Drivers/STM32F7xx_HAL_Driver/Src/stm32f7xx_hal_tim.o
                0x0000000008006324                HAL_TIM_PWM_Init
 .text.HAL_TIM_PWM_MspInit
                0x000000000800637a       0x14 Drivers/STM32F7xx_HAL_Driver/Src/stm32f7xx_hal_tim.o
                0x000000000800637a                HAL_TIM_PWM_MspInit
 *fill*         0x000000000800638e        0x2 
 .text.HAL_TIM_PWM_Start
                0x0000000008006390       0x88 Drivers/STM32F7xx_HAL_Driver/Src/stm32f7xx_hal_tim.o
                0x0000000008006390                HAL_TIM_PWM_Start
 .text.HAL_TIM_Encoder_Init
                0x0000000008006418      0x124 Drivers/STM32F7xx_HAL_Driver/Src/stm32f7xx_hal_tim.o
                0x0000000008006418                HAL_TIM_Encoder_Init
 .text.HAL_TIM_Encoder_Start
                0x000000000800653c       0x70 Drivers/STM32F7xx_HAL_Driver/Src/stm32f7xx_hal_tim.o
                0x000000000800653c                HAL_TIM_Encoder_Start
 .text.HAL_TIM_IRQHandler
                0x00000000080065ac      0x23e Drivers/STM32F7xx_HAL_Driver/Src/stm32f7xx_hal_tim.o
                0x00000000080065ac                HAL_TIM_IRQHandler
 *fill*         0x00000000080067ea        0x2 
 .text.HAL_TIM_PWM_ConfigChannel
                0x00000000080067ec      0x230 Drivers/STM32F7xx_HAL_Driver/Src/stm32f7xx_hal_tim.o
                0x00000000080067ec                HAL_TIM_PWM_ConfigChannel
 .text.HAL_TIM_ConfigClockSource
                0x0000000008006a1c      0x18c Drivers/STM32F7xx_HAL_Driver/Src/stm32f7xx_hal_tim.o
                0x0000000008006a1c                HAL_TIM_ConfigClockSource
 .text.HAL_TIM_OC_DelayElapsedCallback
                0x0000000008006ba8       0x14 Drivers/STM32F7xx_HAL_Driver/Src/stm32f7xx_hal_tim.o
                0x0000000008006ba8                HAL_TIM_OC_DelayElapsedCallback
 .text.HAL_TIM_IC_CaptureCallback
                0x0000000008006bbc       0x14 Drivers/STM32F7xx_HAL_Driver/Src/stm32f7xx_hal_tim.o
                0x0000000008006bbc                HAL_TIM_IC_CaptureCallback
 .text.HAL_TIM_PWM_PulseFinishedCallback
                0x0000000008006bd0       0x14 Drivers/STM32F7xx_HAL_Driver/Src/stm32f7xx_hal_tim.o
                0x0000000008006bd0                HAL_TIM_PWM_PulseFinishedCallback
 .text.HAL_TIM_TriggerCallback
                0x0000000008006be4       0x14 Drivers/STM32F7xx_HAL_Driver/Src/stm32f7xx_hal_tim.o
                0x0000000008006be4                HAL_TIM_TriggerCallback
 .text.TIM_Base_SetConfig
                0x0000000008006bf8      0x140 Drivers/STM32F7xx_HAL_Driver/Src/stm32f7xx_hal_tim.o
                0x0000000008006bf8                TIM_Base_SetConfig
 .text.TIM_OC1_SetConfig
                0x0000000008006d38       0xe4 Drivers/STM32F7xx_HAL_Driver/Src/stm32f7xx_hal_tim.o
 .text.TIM_OC2_SetConfig
                0x0000000008006e1c       0xf0 Drivers/STM32F7xx_HAL_Driver/Src/stm32f7xx_hal_tim.o
                0x0000000008006e1c                TIM_OC2_SetConfig
 .text.TIM_OC3_SetConfig
                0x0000000008006f0c       0xec Drivers/STM32F7xx_HAL_Driver/Src/stm32f7xx_hal_tim.o
 .text.TIM_OC4_SetConfig
                0x0000000008006ff8       0xb0 Drivers/STM32F7xx_HAL_Driver/Src/stm32f7xx_hal_tim.o
 .text.TIM_OC5_SetConfig
                0x00000000080070a8       0xa4 Drivers/STM32F7xx_HAL_Driver/Src/stm32f7xx_hal_tim.o
 .text.TIM_OC6_SetConfig
                0x000000000800714c       0xa8 Drivers/STM32F7xx_HAL_Driver/Src/stm32f7xx_hal_tim.o
 .text.TIM_TI1_ConfigInputStage
                0x00000000080071f4       0x5e Drivers/STM32F7xx_HAL_Driver/Src/stm32f7xx_hal_tim.o
 .text.TIM_TI2_ConfigInputStage
                0x0000000008007252       0x60 Drivers/STM32F7xx_HAL_Driver/Src/stm32f7xx_hal_tim.o
 .text.TIM_ITRx_SetConfig
                0x00000000080072b2       0x36 Drivers/STM32F7xx_HAL_Driver/Src/stm32f7xx_hal_tim.o
 .text.TIM_ETR_SetConfig
                0x00000000080072e8       0x40 Drivers/STM32F7xx_HAL_Driver/Src/stm32f7xx_hal_tim.o
                0x00000000080072e8                TIM_ETR_SetConfig
 .text.TIM_CCxChannelCmd
                0x0000000008007328       0x4a Drivers/STM32F7xx_HAL_Driver/Src/stm32f7xx_hal_tim.o
                0x0000000008007328                TIM_CCxChannelCmd
 *fill*         0x0000000008007372        0x2 
 .text.HAL_TIMEx_MasterConfigSynchronization
                0x0000000008007374       0xb8 Drivers/STM32F7xx_HAL_Driver/Src/stm32f7xx_hal_tim_ex.o
                0x0000000008007374                HAL_TIMEx_MasterConfigSynchronization
 .text.HAL_TIMEx_ConfigBreakDeadTime
                0x000000000800742c       0xfc Drivers/STM32F7xx_HAL_Driver/Src/stm32f7xx_hal_tim_ex.o
                0x000000000800742c                HAL_TIMEx_ConfigBreakDeadTime
 .text.HAL_TIMEx_CommutCallback
                0x0000000008007528       0x14 Drivers/STM32F7xx_HAL_Driver/Src/stm32f7xx_hal_tim_ex.o
                0x0000000008007528                HAL_TIMEx_CommutCallback
 .text.HAL_TIMEx_BreakCallback
                0x000000000800753c       0x14 Drivers/STM32F7xx_HAL_Driver/Src/stm32f7xx_hal_tim_ex.o
                0x000000000800753c                HAL_TIMEx_BreakCallback
 .text.HAL_TIMEx_Break2Callback
                0x0000000008007550       0x14 Drivers/STM32F7xx_HAL_Driver/Src/stm32f7xx_hal_tim_ex.o
                0x0000000008007550                HAL_TIMEx_Break2Callback
 .text.HAL_UART_Init
                0x0000000008007564       0x9c Drivers/STM32F7xx_HAL_Driver/Src/stm32f7xx_hal_uart.o
                0x0000000008007564                HAL_UART_Init
 .text.HAL_UART_Transmit
                0x0000000008007600      0x122 Drivers/STM32F7xx_HAL_Driver/Src/stm32f7xx_hal_uart.o
                0x0000000008007600                HAL_UART_Transmit
 *fill*         0x0000000008007722        0x2 
 .text.HAL_UART_Receive_IT
                0x0000000008007724      0x144 Drivers/STM32F7xx_HAL_Driver/Src/stm32f7xx_hal_uart.o
                0x0000000008007724                HAL_UART_Receive_IT
 .text.HAL_UART_IRQHandler
                0x0000000008007868      0x234 Drivers/STM32F7xx_HAL_Driver/Src/stm32f7xx_hal_uart.o
                0x0000000008007868                HAL_UART_IRQHandler
 .text.HAL_UART_TxCpltCallback
                0x0000000008007a9c       0x14 Drivers/STM32F7xx_HAL_Driver/Src/stm32f7xx_hal_uart.o
                0x0000000008007a9c                HAL_UART_TxCpltCallback
 .text.HAL_UART_ErrorCallback
                0x0000000008007ab0       0x14 Drivers/STM32F7xx_HAL_Driver/Src/stm32f7xx_hal_uart.o
                0x0000000008007ab0                HAL_UART_ErrorCallback
 .text.UART_SetConfig
                0x0000000008007ac4      0x54c Drivers/STM32F7xx_HAL_Driver/Src/stm32f7xx_hal_uart.o
                0x0000000008007ac4                UART_SetConfig
 .text.UART_AdvFeatureConfig
                0x0000000008008010      0x144 Drivers/STM32F7xx_HAL_Driver/Src/stm32f7xx_hal_uart.o
                0x0000000008008010                UART_AdvFeatureConfig
 .text.UART_CheckIdleState
                0x0000000008008154       0x5e Drivers/STM32F7xx_HAL_Driver/Src/stm32f7xx_hal_uart.o
                0x0000000008008154                UART_CheckIdleState
 .text.UART_WaitOnFlagUntilTimeout
                0x00000000080081b2       0x90 Drivers/STM32F7xx_HAL_Driver/Src/stm32f7xx_hal_uart.o
                0x00000000080081b2                UART_WaitOnFlagUntilTimeout
 .text.UART_EndRxTransfer
                0x0000000008008242       0x40 Drivers/STM32F7xx_HAL_Driver/Src/stm32f7xx_hal_uart.o
 .text.UART_DMAAbortOnError
                0x0000000008008282       0x2c Drivers/STM32F7xx_HAL_Driver/Src/stm32f7xx_hal_uart.o
 .text.UART_EndTransmit_IT
                0x00000000080082ae       0x32 Drivers/STM32F7xx_HAL_Driver/Src/stm32f7xx_hal_uart.o
 .text.UART_RxISR_8BIT
                0x00000000080082e0       0xa6 Drivers/STM32F7xx_HAL_Driver/Src/stm32f7xx_hal_uart.o
 .text.UART_RxISR_16BIT
                0x0000000008008386       0xa6 Drivers/STM32F7xx_HAL_Driver/Src/stm32f7xx_hal_uart.o
 .text.__libc_init_array
                0x000000000800842c       0x48 c:/users/laffargue/documents/robot_surveillance/logiciels/stm32cubeide_1.6.0/stm32cubeide/plugins/com.st.stm32cube.ide.mcu.externaltools.gnu-tools-for-stm32.9-2020-q2-update.win32_1.5.0.202011040924/tools/bin/../lib/gcc/arm-none-eabi/9.3.1/../../../../arm-none-eabi/lib/thumb/v7e-m+dp/hard\libc_nano.a(lib_a-init.o)
                0x000000000800842c                __libc_init_array
 .text.memset   0x0000000008008474       0x10 c:/users/laffargue/documents/robot_surveillance/logiciels/stm32cubeide_1.6.0/stm32cubeide/plugins/com.st.stm32cube.ide.mcu.externaltools.gnu-tools-for-stm32.9-2020-q2-update.win32_1.5.0.202011040924/tools/bin/../lib/gcc/arm-none-eabi/9.3.1/../../../../arm-none-eabi/lib/thumb/v7e-m+dp/hard\libc_nano.a(lib_a-memset.o)
                0x0000000008008474                memset
 *(.glue_7)
 .glue_7        0x0000000008008484        0x0 linker stubs
 *(.glue_7t)
 .glue_7t       0x0000000008008484        0x0 linker stubs
 *(.eh_frame)
 .eh_frame      0x0000000008008484        0x0 c:/users/laffargue/documents/robot_surveillance/logiciels/stm32cubeide_1.6.0/stm32cubeide/plugins/com.st.stm32cube.ide.mcu.externaltools.gnu-tools-for-stm32.9-2020-q2-update.win32_1.5.0.202011040924/tools/bin/../lib/gcc/arm-none-eabi/9.3.1/thumb/v7e-m+dp/hard/crtbegin.o
 *(.init)
 .init          0x0000000008008484        0x4 c:/users/laffargue/documents/robot_surveillance/logiciels/stm32cubeide_1.6.0/stm32cubeide/plugins/com.st.stm32cube.ide.mcu.externaltools.gnu-tools-for-stm32.9-2020-q2-update.win32_1.5.0.202011040924/tools/bin/../lib/gcc/arm-none-eabi/9.3.1/thumb/v7e-m+dp/hard/crti.o
                0x0000000008008484                _init
 .init          0x0000000008008488        0x8 c:/users/laffargue/documents/robot_surveillance/logiciels/stm32cubeide_1.6.0/stm32cubeide/plugins/com.st.stm32cube.ide.mcu.externaltools.gnu-tools-for-stm32.9-2020-q2-update.win32_1.5.0.202011040924/tools/bin/../lib/gcc/arm-none-eabi/9.3.1/thumb/v7e-m+dp/hard/crtn.o
 *(.fini)
 .fini          0x0000000008008490        0x4 c:/users/laffargue/documents/robot_surveillance/logiciels/stm32cubeide_1.6.0/stm32cubeide/plugins/com.st.stm32cube.ide.mcu.externaltools.gnu-tools-for-stm32.9-2020-q2-update.win32_1.5.0.202011040924/tools/bin/../lib/gcc/arm-none-eabi/9.3.1/thumb/v7e-m+dp/hard/crti.o
                0x0000000008008490                _fini
 .fini          0x0000000008008494        0x8 c:/users/laffargue/documents/robot_surveillance/logiciels/stm32cubeide_1.6.0/stm32cubeide/plugins/com.st.stm32cube.ide.mcu.externaltools.gnu-tools-for-stm32.9-2020-q2-update.win32_1.5.0.202011040924/tools/bin/../lib/gcc/arm-none-eabi/9.3.1/thumb/v7e-m+dp/hard/crtn.o
                0x000000000800849c                . = ALIGN (0x4)
                0x000000000800849c                _etext = .

.vfp11_veneer   0x000000000800849c        0x0
 .vfp11_veneer  0x000000000800849c        0x0 linker stubs

.v4_bx          0x000000000800849c        0x0
 .v4_bx         0x000000000800849c        0x0 linker stubs

.iplt           0x000000000800849c        0x0
 .iplt          0x000000000800849c        0x0 c:/users/laffargue/documents/robot_surveillance/logiciels/stm32cubeide_1.6.0/stm32cubeide/plugins/com.st.stm32cube.ide.mcu.externaltools.gnu-tools-for-stm32.9-2020-q2-update.win32_1.5.0.202011040924/tools/bin/../lib/gcc/arm-none-eabi/9.3.1/thumb/v7e-m+dp/hard/crtbegin.o

.rodata         0x000000000800849c       0xb4
                0x000000000800849c                . = ALIGN (0x4)
 *(.rodata)
 .rodata        0x000000000800849c       0x9c Core/Src/main.o
 *(.rodata*)
 .rodata.AHBPrescTable
                0x0000000008008538       0x10 Core/Src/system_stm32f7xx.o
                0x0000000008008538                AHBPrescTable
 .rodata.APBPrescTable
                0x0000000008008548        0x8 Core/Src/system_stm32f7xx.o
                0x0000000008008548                APBPrescTable
                0x0000000008008550                . = ALIGN (0x4)

.ARM.extab      0x0000000008008550        0x0
                0x0000000008008550                . = ALIGN (0x4)
 *(.ARM.extab* .gnu.linkonce.armextab.*)
                0x0000000008008550                . = ALIGN (0x4)

.ARM            0x0000000008008550        0x8
                0x0000000008008550                . = ALIGN (0x4)
                0x0000000008008550                __exidx_start = .
 *(.ARM.exidx*)
 .ARM.exidx     0x0000000008008550        0x8 c:/users/laffargue/documents/robot_surveillance/logiciels/stm32cubeide_1.6.0/stm32cubeide/plugins/com.st.stm32cube.ide.mcu.externaltools.gnu-tools-for-stm32.9-2020-q2-update.win32_1.5.0.202011040924/tools/bin/../lib/gcc/arm-none-eabi/9.3.1/thumb/v7e-m+dp/hard\libgcc.a(_udivmoddi4.o)
                0x0000000008008558                __exidx_end = .
                0x0000000008008558                . = ALIGN (0x4)

.rel.dyn        0x0000000008008558        0x0
 .rel.iplt      0x0000000008008558        0x0 c:/users/laffargue/documents/robot_surveillance/logiciels/stm32cubeide_1.6.0/stm32cubeide/plugins/com.st.stm32cube.ide.mcu.externaltools.gnu-tools-for-stm32.9-2020-q2-update.win32_1.5.0.202011040924/tools/bin/../lib/gcc/arm-none-eabi/9.3.1/thumb/v7e-m+dp/hard/crtbegin.o

.preinit_array  0x0000000008008558        0x0
                0x0000000008008558                . = ALIGN (0x4)
                0x0000000008008558                PROVIDE (__preinit_array_start = .)
 *(.preinit_array*)
                0x0000000008008558                PROVIDE (__preinit_array_end = .)
                0x0000000008008558                . = ALIGN (0x4)

.init_array     0x0000000008008558        0x4
                0x0000000008008558                . = ALIGN (0x4)
                0x0000000008008558                PROVIDE (__init_array_start = .)
 *(SORT_BY_NAME(.init_array.*))
 *(.init_array*)
 .init_array    0x0000000008008558        0x4 c:/users/laffargue/documents/robot_surveillance/logiciels/stm32cubeide_1.6.0/stm32cubeide/plugins/com.st.stm32cube.ide.mcu.externaltools.gnu-tools-for-stm32.9-2020-q2-update.win32_1.5.0.202011040924/tools/bin/../lib/gcc/arm-none-eabi/9.3.1/thumb/v7e-m+dp/hard/crtbegin.o
                0x000000000800855c                PROVIDE (__init_array_end = .)
                0x000000000800855c                . = ALIGN (0x4)

.fini_array     0x000000000800855c        0x4
                0x000000000800855c                . = ALIGN (0x4)
                [!provide]                        PROVIDE (__fini_array_start = .)
 *(SORT_BY_NAME(.fini_array.*))
 *(.fini_array*)
 .fini_array    0x000000000800855c        0x4 c:/users/laffargue/documents/robot_surveillance/logiciels/stm32cubeide_1.6.0/stm32cubeide/plugins/com.st.stm32cube.ide.mcu.externaltools.gnu-tools-for-stm32.9-2020-q2-update.win32_1.5.0.202011040924/tools/bin/../lib/gcc/arm-none-eabi/9.3.1/thumb/v7e-m+dp/hard/crtbegin.o
                [!provide]                        PROVIDE (__fini_array_end = .)
                0x0000000008008560                . = ALIGN (0x4)
                0x0000000008008560                _sidata = LOADADDR (.data)

.data           0x0000000020000000       0x2c load address 0x0000000008008560
                0x0000000020000000                . = ALIGN (0x4)
                0x0000000020000000                _sdata = .
 *(.data)
 *(.data*)
 .data.vitx_max
                0x0000000020000000        0x8 Core/Src/pilote.o
                0x0000000020000000                vitx_max
 .data.vity_max
                0x0000000020000008        0x8 Core/Src/pilote.o
                0x0000000020000008                vity_max
 .data.vitz_max
                0x0000000020000010        0x8 Core/Src/pilote.o
                0x0000000020000010                vitz_max
 .data.test_x   0x0000000020000018        0x8 Core/Src/secretary.o
 .data.SystemCoreClock
                0x0000000020000020        0x4 Core/Src/system_stm32f7xx.o
                0x0000000020000020                SystemCoreClock
 .data.uwTickPrio
                0x0000000020000024        0x4 Drivers/STM32F7xx_HAL_Driver/Src/stm32f7xx_hal.o
                0x0000000020000024                uwTickPrio
 .data.uwTickFreq
                0x0000000020000028        0x1 Drivers/STM32F7xx_HAL_Driver/Src/stm32f7xx_hal.o
                0x0000000020000028                uwTickFreq
                0x000000002000002c                . = ALIGN (0x4)
 *fill*         0x0000000020000029        0x3 
                0x000000002000002c                _edata = .

.igot.plt       0x000000002000002c        0x0 load address 0x000000000800858c
 .igot.plt      0x000000002000002c        0x0 c:/users/laffargue/documents/robot_surveillance/logiciels/stm32cubeide_1.6.0/stm32cubeide/plugins/com.st.stm32cube.ide.mcu.externaltools.gnu-tools-for-stm32.9-2020-q2-update.win32_1.5.0.202011040924/tools/bin/../lib/gcc/arm-none-eabi/9.3.1/thumb/v7e-m+dp/hard/crtbegin.o
                0x000000002000002c                . = ALIGN (0x4)

.bss            0x0000000020000030      0x98c load address 0x000000000800858c
                0x0000000020000030                _sbss = .
                0x0000000020000030                __bss_start__ = _sbss
 *(.bss)
 .bss           0x0000000020000030       0x1c c:/users/laffargue/documents/robot_surveillance/logiciels/stm32cubeide_1.6.0/stm32cubeide/plugins/com.st.stm32cube.ide.mcu.externaltools.gnu-tools-for-stm32.9-2020-q2-update.win32_1.5.0.202011040924/tools/bin/../lib/gcc/arm-none-eabi/9.3.1/thumb/v7e-m+dp/hard/crtbegin.o
 *(.bss*)
 *fill*         0x000000002000004c        0x4 
 .bss.pid_error_WheelMotor1_rpm
                0x0000000020000050        0x8 Core/Src/corrector.o
 .bss.pid_error_WheelMotor2_rpm
                0x0000000020000058        0x8 Core/Src/corrector.o
 .bss.pid_error_WheelMotor3_rpm
                0x0000000020000060        0x8 Core/Src/corrector.o
 .bss.pid_error_WheelMotor4_rpm
                0x0000000020000068        0x8 Core/Src/corrector.o
 .bss.pid_lasterror_WheelMotor1_rpm
                0x0000000020000070        0x8 Core/Src/corrector.o
 .bss.pid_lasterror_WheelMotor2_rpm
                0x0000000020000078        0x8 Core/Src/corrector.o
 .bss.pid_lasterror_WheelMotor3_rpm
                0x0000000020000080        0x8 Core/Src/corrector.o
 .bss.pid_lasterror_WheelMotor4_rpm
                0x0000000020000088        0x8 Core/Src/corrector.o
 .bss.pid_lastmeasure_WheelMotor1_rpm
                0x0000000020000090        0x8 Core/Src/corrector.o
 .bss.pid_lastmeasure_WheelMotor2_rpm
                0x0000000020000098        0x8 Core/Src/corrector.o
 .bss.pid_lastmeasure_WheelMotor3_rpm
                0x00000000200000a0        0x8 Core/Src/corrector.o
 .bss.pid_lastmeasure_WheelMotor4_rpm
                0x00000000200000a8        0x8 Core/Src/corrector.o
 .bss.pid_integral_WheelMotor1_rpm
                0x00000000200000b0        0x8 Core/Src/corrector.o
 .bss.pid_integral_WheelMotor2_rpm
                0x00000000200000b8        0x8 Core/Src/corrector.o
 .bss.pid_integral_WheelMotor3_rpm
                0x00000000200000c0        0x8 Core/Src/corrector.o
 .bss.pid_integral_WheelMotor4_rpm
                0x00000000200000c8        0x8 Core/Src/corrector.o
 .bss.pid_derivate_WheelMotor1_rpm
                0x00000000200000d0        0x8 Core/Src/corrector.o
 .bss.pid_derivate_WheelMotor2_rpm
                0x00000000200000d8        0x8 Core/Src/corrector.o
 .bss.pid_derivate_WheelMotor3_rpm
                0x00000000200000e0        0x8 Core/Src/corrector.o
 .bss.pid_derivate_WheelMotor4_rpm
                0x00000000200000e8        0x8 Core/Src/corrector.o
 .bss.data_uart
                0x00000000200000f0       0x10 Core/Src/it.o
                0x00000000200000f0                data_uart
 .bss.dutyCycle
                0x0000000020000100        0x8 Core/Src/motors.o
                0x0000000020000100                dutyCycle
 .bss.pid_consigne
                0x0000000020000108       0x20 Core/Src/motors.o
                0x0000000020000108                pid_consigne
 .bss.encoder_Motor1
                0x0000000020000128        0x2 Core/Src/odometry.o
 .bss.encoder_Motor2
                0x000000002000012a        0x2 Core/Src/odometry.o
 .bss.encoder_Motor3
                0x000000002000012c        0x2 Core/Src/odometry.o
 .bss.encoder_Motor4
                0x000000002000012e        0x2 Core/Src/odometry.o
 .bss.last_encoder1
                0x0000000020000130        0x2 Core/Src/odometry.o
 .bss.last_encoder2
                0x0000000020000132        0x2 Core/Src/odometry.o
 .bss.last_encoder3
                0x0000000020000134        0x2 Core/Src/odometry.o
 .bss.last_encoder4
                0x0000000020000136        0x2 Core/Src/odometry.o
 .bss.wheels_speed
                0x0000000020000138       0x20 Core/Src/odometry.o
 .bss.robot_speed
                0x0000000020000158       0x30 Core/Src/odometry.o
 .bss.time      0x0000000020000188        0x4 Core/Src/pilote.o
 .bss.time_tret
                0x000000002000018c        0x4 Core/Src/pilote.o
 .bss.holo_CNT  0x0000000020000190        0x8 Core/Src/secretary.o
                0x0000000020000190                holo_CNT
 .bss.is_msg_to_send
                0x0000000020000198        0x1 Core/Src/secretary.o
 *fill*         0x0000000020000199        0x3 
 .bss.msg_to_send
                0x000000002000019c       0x10 Core/Src/secretary.o
 .bss.message_not_long
                0x00000000200001ac        0x1 Core/Src/secretary.o
 *fill*         0x00000000200001ad        0x1 
 .bss.msg_len   0x00000000200001ae        0x2 Core/Src/secretary.o
 *(COMMON)
 COMMON         0x00000000200001b0      0x760 Core/Src/brain.o
                0x00000000200001b0                hi2c4
                0x00000000200001fc                hspi2
                0x0000000020000260                htim8
                0x00000000200002a0                statusflag_Motor3
                0x00000000200002a4                htim4
                0x00000000200002e4                huart3
                0x0000000020000364                htim10
                0x00000000200003a4                hspi6
                0x0000000020000408                htim5
                0x0000000020000448                htim3
                0x0000000020000488                hspi3
                0x00000000200004ec                statusflag_Motor1
                0x00000000200004f0                hadc1
                0x0000000020000538                hadc3
                0x0000000020000580                htim13
                0x00000000200005c0                huart1
                0x0000000020000640                htim11
                0x0000000020000680                hspi4
                0x00000000200006e4                statusflag_Motor4
                0x00000000200006e8                htim6
                0x0000000020000728                htim9
                0x0000000020000768                statusflag_Motor2
                0x000000002000076c                hspi1
                0x00000000200007d0                htim2
                0x0000000020000810                huart2
                0x0000000020000890                htim14
                0x00000000200008d0                htim7
 COMMON         0x0000000020000910       0x20 Core/Src/corrector.o
                0x0000000020000910                pid_out
 COMMON         0x0000000020000930       0x88 Core/Src/pilote.o
                0x0000000020000930                wheel
                0x0000000020000950                wheel_speed
                0x0000000020000970                target_WheelMotor3_rpm
                0x0000000020000978                target_WheelMotor2_rpm
                0x0000000020000980                pid_inputMaxN
                0x0000000020000988                target_WheelMotor4_rpm
                0x0000000020000990                cmd_y
                0x0000000020000998                target_WheelMotor1_rpm
                0x00000000200009a0                cmd_x
                0x00000000200009a8                pid_inputMaxP
                0x00000000200009b0                cmd_z
 COMMON         0x00000000200009b8        0x4 Drivers/STM32F7xx_HAL_Driver/Src/stm32f7xx_hal.o
                0x00000000200009b8                uwTick
                0x00000000200009bc                . = ALIGN (0x4)
                0x00000000200009bc                _ebss = .
                0x00000000200009bc                __bss_end__ = _ebss

._user_heap_stack
                0x00000000200009bc      0x604 load address 0x000000000800858c
                0x00000000200009c0                . = ALIGN (0x8)
 *fill*         0x00000000200009bc        0x4 
                0x00000000200009c0                PROVIDE (end = .)
                [!provide]                        PROVIDE (_end = .)
                0x0000000020000bc0                . = (. + _Min_Heap_Size)
 *fill*         0x00000000200009c0      0x200 
                0x0000000020000fc0                . = (. + _Min_Stack_Size)
 *fill*         0x0000000020000bc0      0x400 
                0x0000000020000fc0                . = ALIGN (0x8)

/DISCARD/
 libc.a(*)
 libm.a(*)
 libgcc.a(*)

.ARM.attributes
                0x0000000000000000       0x2e
 *(.ARM.attributes)
 .ARM.attributes
                0x0000000000000000       0x1e c:/users/laffargue/documents/robot_surveillance/logiciels/stm32cubeide_1.6.0/stm32cubeide/plugins/com.st.stm32cube.ide.mcu.externaltools.gnu-tools-for-stm32.9-2020-q2-update.win32_1.5.0.202011040924/tools/bin/../lib/gcc/arm-none-eabi/9.3.1/thumb/v7e-m+dp/hard/crti.o
 .ARM.attributes
                0x000000000000001e       0x32 c:/users/laffargue/documents/robot_surveillance/logiciels/stm32cubeide_1.6.0/stm32cubeide/plugins/com.st.stm32cube.ide.mcu.externaltools.gnu-tools-for-stm32.9-2020-q2-update.win32_1.5.0.202011040924/tools/bin/../lib/gcc/arm-none-eabi/9.3.1/thumb/v7e-m+dp/hard/crtbegin.o
 .ARM.attributes
                0x0000000000000050       0x32 Core/Src/brain.o
 .ARM.attributes
                0x0000000000000082       0x32 Core/Src/corrector.o
 .ARM.attributes
                0x00000000000000b4       0x32 Core/Src/it.o
 .ARM.attributes
                0x00000000000000e6       0x32 Core/Src/main.o
 .ARM.attributes
                0x0000000000000118       0x32 Core/Src/motors.o
 .ARM.attributes
                0x000000000000014a       0x32 Core/Src/odometry.o
 .ARM.attributes
                0x000000000000017c       0x32 Core/Src/pilote.o
 .ARM.attributes
                0x00000000000001ae       0x32 Core/Src/secretary.o
 .ARM.attributes
                0x00000000000001e0       0x32 Core/Src/stm32f7xx_hal_msp.o
 .ARM.attributes
                0x0000000000000212       0x32 Core/Src/stm32f7xx_it.o
 .ARM.attributes
                0x0000000000000244       0x32 Core/Src/system_stm32f7xx.o
 .ARM.attributes
                0x0000000000000276       0x21 Core/Startup/startup_stm32f765zitx.o
 .ARM.attributes
                0x0000000000000297       0x32 Drivers/STM32F7xx_HAL_Driver/Src/stm32f7xx_hal.o
 .ARM.attributes
                0x00000000000002c9       0x32 Drivers/STM32F7xx_HAL_Driver/Src/stm32f7xx_hal_adc.o
 .ARM.attributes
                0x00000000000002fb       0x32 Drivers/STM32F7xx_HAL_Driver/Src/stm32f7xx_hal_adc_ex.o
 .ARM.attributes
                0x000000000000032d       0x32 Drivers/STM32F7xx_HAL_Driver/Src/stm32f7xx_hal_cortex.o
 .ARM.attributes
                0x000000000000035f       0x32 Drivers/STM32F7xx_HAL_Driver/Src/stm32f7xx_hal_dma.o
 .ARM.attributes
                0x0000000000000391       0x32 Drivers/STM32F7xx_HAL_Driver/Src/stm32f7xx_hal_gpio.o
 .ARM.attributes
                0x00000000000003c3       0x32 Drivers/STM32F7xx_HAL_Driver/Src/stm32f7xx_hal_i2c.o
 .ARM.attributes
                0x00000000000003f5       0x32 Drivers/STM32F7xx_HAL_Driver/Src/stm32f7xx_hal_i2c_ex.o
 .ARM.attributes
                0x0000000000000427       0x32 Drivers/STM32F7xx_HAL_Driver/Src/stm32f7xx_hal_pwr_ex.o
 .ARM.attributes
                0x0000000000000459       0x32 Drivers/STM32F7xx_HAL_Driver/Src/stm32f7xx_hal_rcc.o
 .ARM.attributes
                0x000000000000048b       0x32 Drivers/STM32F7xx_HAL_Driver/Src/stm32f7xx_hal_rcc_ex.o
 .ARM.attributes
                0x00000000000004bd       0x32 Drivers/STM32F7xx_HAL_Driver/Src/stm32f7xx_hal_spi.o
 .ARM.attributes
                0x00000000000004ef       0x32 Drivers/STM32F7xx_HAL_Driver/Src/stm32f7xx_hal_tim.o
 .ARM.attributes
                0x0000000000000521       0x32 Drivers/STM32F7xx_HAL_Driver/Src/stm32f7xx_hal_tim_ex.o
 .ARM.attributes
                0x0000000000000553       0x32 Drivers/STM32F7xx_HAL_Driver/Src/stm32f7xx_hal_uart.o
 .ARM.attributes
                0x0000000000000585       0x32 c:/users/laffargue/documents/robot_surveillance/logiciels/stm32cubeide_1.6.0/stm32cubeide/plugins/com.st.stm32cube.ide.mcu.externaltools.gnu-tools-for-stm32.9-2020-q2-update.win32_1.5.0.202011040924/tools/bin/../lib/gcc/arm-none-eabi/9.3.1/../../../../arm-none-eabi/lib/thumb/v7e-m+dp/hard\libc_nano.a(lib_a-init.o)
 .ARM.attributes
                0x00000000000005b7       0x32 c:/users/laffargue/documents/robot_surveillance/logiciels/stm32cubeide_1.6.0/stm32cubeide/plugins/com.st.stm32cube.ide.mcu.externaltools.gnu-tools-for-stm32.9-2020-q2-update.win32_1.5.0.202011040924/tools/bin/../lib/gcc/arm-none-eabi/9.3.1/../../../../arm-none-eabi/lib/thumb/v7e-m+dp/hard\libc_nano.a(lib_a-memset.o)
 .ARM.attributes
                0x00000000000005e9       0x1e c:/users/laffargue/documents/robot_surveillance/logiciels/stm32cubeide_1.6.0/stm32cubeide/plugins/com.st.stm32cube.ide.mcu.externaltools.gnu-tools-for-stm32.9-2020-q2-update.win32_1.5.0.202011040924/tools/bin/../lib/gcc/arm-none-eabi/9.3.1/thumb/v7e-m+dp/hard\libgcc.a(_aeabi_uldivmod.o)
 .ARM.attributes
                0x0000000000000607       0x32 c:/users/laffargue/documents/robot_surveillance/logiciels/stm32cubeide_1.6.0/stm32cubeide/plugins/com.st.stm32cube.ide.mcu.externaltools.gnu-tools-for-stm32.9-2020-q2-update.win32_1.5.0.202011040924/tools/bin/../lib/gcc/arm-none-eabi/9.3.1/thumb/v7e-m+dp/hard\libgcc.a(_udivmoddi4.o)
 .ARM.attributes
                0x0000000000000639       0x1e c:/users/laffargue/documents/robot_surveillance/logiciels/stm32cubeide_1.6.0/stm32cubeide/plugins/com.st.stm32cube.ide.mcu.externaltools.gnu-tools-for-stm32.9-2020-q2-update.win32_1.5.0.202011040924/tools/bin/../lib/gcc/arm-none-eabi/9.3.1/thumb/v7e-m+dp/hard\libgcc.a(_dvmd_tls.o)
 .ARM.attributes
                0x0000000000000657       0x1e c:/users/laffargue/documents/robot_surveillance/logiciels/stm32cubeide_1.6.0/stm32cubeide/plugins/com.st.stm32cube.ide.mcu.externaltools.gnu-tools-for-stm32.9-2020-q2-update.win32_1.5.0.202011040924/tools/bin/../lib/gcc/arm-none-eabi/9.3.1/thumb/v7e-m+dp/hard/crtn.o
OUTPUT(HoloSoft.elf elf32-littlearm)
LOAD linker stubs
LOAD c:/users/laffargue/documents/robot_surveillance/logiciels/stm32cubeide_1.6.0/stm32cubeide/plugins/com.st.stm32cube.ide.mcu.externaltools.gnu-tools-for-stm32.9-2020-q2-update.win32_1.5.0.202011040924/tools/bin/../lib/gcc/arm-none-eabi/9.3.1/../../../../arm-none-eabi/lib/thumb/v7e-m+dp/hard\libc.a
LOAD c:/users/laffargue/documents/robot_surveillance/logiciels/stm32cubeide_1.6.0/stm32cubeide/plugins/com.st.stm32cube.ide.mcu.externaltools.gnu-tools-for-stm32.9-2020-q2-update.win32_1.5.0.202011040924/tools/bin/../lib/gcc/arm-none-eabi/9.3.1/../../../../arm-none-eabi/lib/thumb/v7e-m+dp/hard\libm.a
LOAD c:/users/laffargue/documents/robot_surveillance/logiciels/stm32cubeide_1.6.0/stm32cubeide/plugins/com.st.stm32cube.ide.mcu.externaltools.gnu-tools-for-stm32.9-2020-q2-update.win32_1.5.0.202011040924/tools/bin/../lib/gcc/arm-none-eabi/9.3.1/thumb/v7e-m+dp/hard\libgcc.a

.debug_info     0x0000000000000000    0x21261
 .debug_info    0x0000000000000000     0x154a Core/Src/brain.o
 .debug_info    0x000000000000154a     0x1689 Core/Src/corrector.o
 .debug_info    0x0000000000002bd3     0x14c8 Core/Src/it.o
 .debug_info    0x000000000000409b     0x2b6c Core/Src/main.o
 .debug_info    0x0000000000006c07     0x152e Core/Src/motors.o
 .debug_info    0x0000000000008135     0x2048 Core/Src/odometry.o
 .debug_info    0x000000000000a17d     0x1fbb Core/Src/pilote.o
 .debug_info    0x000000000000c138     0x1734 Core/Src/secretary.o
 .debug_info    0x000000000000d86c     0x21ab Core/Src/stm32f7xx_hal_msp.o
 .debug_info    0x000000000000fa17     0x1545 Core/Src/stm32f7xx_it.o
 .debug_info    0x0000000000010f5c      0x7ad Core/Src/system_stm32f7xx.o
 .debug_info    0x0000000000011709       0x22 Core/Startup/startup_stm32f765zitx.o
 .debug_info    0x000000000001172b      0xa96 Drivers/STM32F7xx_HAL_Driver/Src/stm32f7xx_hal.o
 .debug_info    0x00000000000121c1      0xd66 Drivers/STM32F7xx_HAL_Driver/Src/stm32f7xx_hal_adc.o
 .debug_info    0x0000000000012f27      0xbae Drivers/STM32F7xx_HAL_Driver/Src/stm32f7xx_hal_adc_ex.o
 .debug_info    0x0000000000013ad5     0x1146 Drivers/STM32F7xx_HAL_Driver/Src/stm32f7xx_hal_cortex.o
 .debug_info    0x0000000000014c1b      0x9f1 Drivers/STM32F7xx_HAL_Driver/Src/stm32f7xx_hal_dma.o
 .debug_info    0x000000000001560c      0x866 Drivers/STM32F7xx_HAL_Driver/Src/stm32f7xx_hal_gpio.o
 .debug_info    0x0000000000015e72     0x2196 Drivers/STM32F7xx_HAL_Driver/Src/stm32f7xx_hal_i2c.o
 .debug_info    0x0000000000018008      0xa9c Drivers/STM32F7xx_HAL_Driver/Src/stm32f7xx_hal_i2c_ex.o
 .debug_info    0x0000000000018aa4      0x9f6 Drivers/STM32F7xx_HAL_Driver/Src/stm32f7xx_hal_pwr_ex.o
 .debug_info    0x000000000001949a      0xa18 Drivers/STM32F7xx_HAL_Driver/Src/stm32f7xx_hal_rcc.o
 .debug_info    0x0000000000019eb2      0x853 Drivers/STM32F7xx_HAL_Driver/Src/stm32f7xx_hal_rcc_ex.o
 .debug_info    0x000000000001a705     0x17b5 Drivers/STM32F7xx_HAL_Driver/Src/stm32f7xx_hal_spi.o
 .debug_info    0x000000000001beba     0x27ef Drivers/STM32F7xx_HAL_Driver/Src/stm32f7xx_hal_tim.o
 .debug_info    0x000000000001e6a9     0x142b Drivers/STM32F7xx_HAL_Driver/Src/stm32f7xx_hal_tim_ex.o
 .debug_info    0x000000000001fad4     0x178d Drivers/STM32F7xx_HAL_Driver/Src/stm32f7xx_hal_uart.o

.debug_abbrev   0x0000000000000000     0x37e6
 .debug_abbrev  0x0000000000000000      0x19c Core/Src/brain.o
 .debug_abbrev  0x000000000000019c      0x1c0 Core/Src/corrector.o
 .debug_abbrev  0x000000000000035c      0x1c9 Core/Src/it.o
 .debug_abbrev  0x0000000000000525      0x2d0 Core/Src/main.o
 .debug_abbrev  0x00000000000007f5      0x1d4 Core/Src/motors.o
 .debug_abbrev  0x00000000000009c9      0x29e Core/Src/odometry.o
 .debug_abbrev  0x0000000000000c67      0x2a4 Core/Src/pilote.o
 .debug_abbrev  0x0000000000000f0b      0x20e Core/Src/secretary.o
 .debug_abbrev  0x0000000000001119      0x224 Core/Src/stm32f7xx_hal_msp.o
 .debug_abbrev  0x000000000000133d      0x1bf Core/Src/stm32f7xx_it.o
 .debug_abbrev  0x00000000000014fc      0x165 Core/Src/system_stm32f7xx.o
 .debug_abbrev  0x0000000000001661       0x12 Core/Startup/startup_stm32f765zitx.o
 .debug_abbrev  0x0000000000001673      0x1ed Drivers/STM32F7xx_HAL_Driver/Src/stm32f7xx_hal.o
 .debug_abbrev  0x0000000000001860      0x22f Drivers/STM32F7xx_HAL_Driver/Src/stm32f7xx_hal_adc.o
 .debug_abbrev  0x0000000000001a8f      0x24a Drivers/STM32F7xx_HAL_Driver/Src/stm32f7xx_hal_adc_ex.o
 .debug_abbrev  0x0000000000001cd9      0x33c Drivers/STM32F7xx_HAL_Driver/Src/stm32f7xx_hal_cortex.o
 .debug_abbrev  0x0000000000002015      0x259 Drivers/STM32F7xx_HAL_Driver/Src/stm32f7xx_hal_dma.o
 .debug_abbrev  0x000000000000226e      0x1f1 Drivers/STM32F7xx_HAL_Driver/Src/stm32f7xx_hal_gpio.o
 .debug_abbrev  0x000000000000245f      0x256 Drivers/STM32F7xx_HAL_Driver/Src/stm32f7xx_hal_i2c.o
 .debug_abbrev  0x00000000000026b5      0x1bb Drivers/STM32F7xx_HAL_Driver/Src/stm32f7xx_hal_i2c_ex.o
 .debug_abbrev  0x0000000000002870      0x1dc Drivers/STM32F7xx_HAL_Driver/Src/stm32f7xx_hal_pwr_ex.o
 .debug_abbrev  0x0000000000002a4c      0x29c Drivers/STM32F7xx_HAL_Driver/Src/stm32f7xx_hal_rcc.o
 .debug_abbrev  0x0000000000002ce8      0x1d1 Drivers/STM32F7xx_HAL_Driver/Src/stm32f7xx_hal_rcc_ex.o
 .debug_abbrev  0x0000000000002eb9      0x254 Drivers/STM32F7xx_HAL_Driver/Src/stm32f7xx_hal_spi.o
 .debug_abbrev  0x000000000000310d      0x25e Drivers/STM32F7xx_HAL_Driver/Src/stm32f7xx_hal_tim.o
 .debug_abbrev  0x000000000000336b      0x24c Drivers/STM32F7xx_HAL_Driver/Src/stm32f7xx_hal_tim_ex.o
 .debug_abbrev  0x00000000000035b7      0x22f Drivers/STM32F7xx_HAL_Driver/Src/stm32f7xx_hal_uart.o

.debug_aranges  0x0000000000000000     0x1568
 .debug_aranges
                0x0000000000000000       0x20 Core/Src/brain.o
 .debug_aranges
                0x0000000000000020       0x20 Core/Src/corrector.o
 .debug_aranges
                0x0000000000000040       0x38 Core/Src/it.o
 .debug_aranges
                0x0000000000000078      0x108 Core/Src/main.o
 .debug_aranges
                0x0000000000000180       0x20 Core/Src/motors.o
 .debug_aranges
                0x00000000000001a0       0x48 Core/Src/odometry.o
 .debug_aranges
                0x00000000000001e8       0x30 Core/Src/pilote.o
 .debug_aranges
                0x0000000000000218       0x30 Core/Src/secretary.o
 .debug_aranges
                0x0000000000000248       0x88 Core/Src/stm32f7xx_hal_msp.o
 .debug_aranges
                0x00000000000002d0       0xb8 Core/Src/stm32f7xx_it.o
 .debug_aranges
                0x0000000000000388       0x28 Core/Src/system_stm32f7xx.o
 .debug_aranges
                0x00000000000003b0       0x28 Core/Startup/startup_stm32f765zitx.o
 .debug_aranges
                0x00000000000003d8      0x110 Drivers/STM32F7xx_HAL_Driver/Src/stm32f7xx_hal.o
 .debug_aranges
                0x00000000000004e8       0xe8 Drivers/STM32F7xx_HAL_Driver/Src/stm32f7xx_hal_adc.o
 .debug_aranges
                0x00000000000005d0       0x90 Drivers/STM32F7xx_HAL_Driver/Src/stm32f7xx_hal_adc_ex.o
 .debug_aranges
                0x0000000000000660      0x118 Drivers/STM32F7xx_HAL_Driver/Src/stm32f7xx_hal_cortex.o
 .debug_aranges
                0x0000000000000778       0x90 Drivers/STM32F7xx_HAL_Driver/Src/stm32f7xx_hal_dma.o
 .debug_aranges
                0x0000000000000808       0x58 Drivers/STM32F7xx_HAL_Driver/Src/stm32f7xx_hal_gpio.o
 .debug_aranges
                0x0000000000000860      0x288 Drivers/STM32F7xx_HAL_Driver/Src/stm32f7xx_hal_i2c.o
 .debug_aranges
                0x0000000000000ae8       0x38 Drivers/STM32F7xx_HAL_Driver/Src/stm32f7xx_hal_i2c_ex.o
 .debug_aranges
                0x0000000000000b20       0x80 Drivers/STM32F7xx_HAL_Driver/Src/stm32f7xx_hal_pwr_ex.o
 .debug_aranges
                0x0000000000000ba0       0x88 Drivers/STM32F7xx_HAL_Driver/Src/stm32f7xx_hal_rcc.o
 .debug_aranges
                0x0000000000000c28       0x50 Drivers/STM32F7xx_HAL_Driver/Src/stm32f7xx_hal_rcc_ex.o
 .debug_aranges
                0x0000000000000c78      0x1d8 Drivers/STM32F7xx_HAL_Driver/Src/stm32f7xx_hal_spi.o
 .debug_aranges
                0x0000000000000e50      0x3b8 Drivers/STM32F7xx_HAL_Driver/Src/stm32f7xx_hal_tim.o
 .debug_aranges
                0x0000000000001208      0x168 Drivers/STM32F7xx_HAL_Driver/Src/stm32f7xx_hal_tim_ex.o
 .debug_aranges
                0x0000000000001370      0x1f8 Drivers/STM32F7xx_HAL_Driver/Src/stm32f7xx_hal_uart.o

.debug_ranges   0x0000000000000000     0x13c0
 .debug_ranges  0x0000000000000000       0x10 Core/Src/brain.o
 .debug_ranges  0x0000000000000010       0x10 Core/Src/corrector.o
 .debug_ranges  0x0000000000000020       0x28 Core/Src/it.o
 .debug_ranges  0x0000000000000048       0xf8 Core/Src/main.o
 .debug_ranges  0x0000000000000140       0x10 Core/Src/motors.o
 .debug_ranges  0x0000000000000150       0x38 Core/Src/odometry.o
 .debug_ranges  0x0000000000000188       0x20 Core/Src/pilote.o
 .debug_ranges  0x00000000000001a8       0x20 Core/Src/secretary.o
 .debug_ranges  0x00000000000001c8       0x78 Core/Src/stm32f7xx_hal_msp.o
 .debug_ranges  0x0000000000000240       0xa8 Core/Src/stm32f7xx_it.o
 .debug_ranges  0x00000000000002e8       0x18 Core/Src/system_stm32f7xx.o
 .debug_ranges  0x0000000000000300       0x20 Core/Startup/startup_stm32f765zitx.o
 .debug_ranges  0x0000000000000320      0x100 Drivers/STM32F7xx_HAL_Driver/Src/stm32f7xx_hal.o
 .debug_ranges  0x0000000000000420       0xd8 Drivers/STM32F7xx_HAL_Driver/Src/stm32f7xx_hal_adc.o
 .debug_ranges  0x00000000000004f8       0x80 Drivers/STM32F7xx_HAL_Driver/Src/stm32f7xx_hal_adc_ex.o
 .debug_ranges  0x0000000000000578      0x108 Drivers/STM32F7xx_HAL_Driver/Src/stm32f7xx_hal_cortex.o
 .debug_ranges  0x0000000000000680       0x80 Drivers/STM32F7xx_HAL_Driver/Src/stm32f7xx_hal_dma.o
 .debug_ranges  0x0000000000000700       0x48 Drivers/STM32F7xx_HAL_Driver/Src/stm32f7xx_hal_gpio.o
 .debug_ranges  0x0000000000000748      0x278 Drivers/STM32F7xx_HAL_Driver/Src/stm32f7xx_hal_i2c.o
 .debug_ranges  0x00000000000009c0       0x28 Drivers/STM32F7xx_HAL_Driver/Src/stm32f7xx_hal_i2c_ex.o
 .debug_ranges  0x00000000000009e8       0x70 Drivers/STM32F7xx_HAL_Driver/Src/stm32f7xx_hal_pwr_ex.o
 .debug_ranges  0x0000000000000a58       0x78 Drivers/STM32F7xx_HAL_Driver/Src/stm32f7xx_hal_rcc.o
 .debug_ranges  0x0000000000000ad0       0x40 Drivers/STM32F7xx_HAL_Driver/Src/stm32f7xx_hal_rcc_ex.o
 .debug_ranges  0x0000000000000b10      0x1c8 Drivers/STM32F7xx_HAL_Driver/Src/stm32f7xx_hal_spi.o
 .debug_ranges  0x0000000000000cd8      0x3a8 Drivers/STM32F7xx_HAL_Driver/Src/stm32f7xx_hal_tim.o
 .debug_ranges  0x0000000000001080      0x158 Drivers/STM32F7xx_HAL_Driver/Src/stm32f7xx_hal_tim_ex.o
 .debug_ranges  0x00000000000011d8      0x1e8 Drivers/STM32F7xx_HAL_Driver/Src/stm32f7xx_hal_uart.o

.debug_macro    0x0000000000000000    0x288f8
 .debug_macro   0x0000000000000000      0x23e Core/Src/brain.o
 .debug_macro   0x000000000000023e      0xac0 Core/Src/brain.o
 .debug_macro   0x0000000000000cfe      0x195 Core/Src/brain.o
 .debug_macro   0x0000000000000e93       0x2e Core/Src/brain.o
 .debug_macro   0x0000000000000ec1       0x3b Core/Src/brain.o
 .debug_macro   0x0000000000000efc       0x22 Core/Src/brain.o
 .debug_macro   0x0000000000000f1e       0x8e Core/Src/brain.o
 .debug_macro   0x0000000000000fac       0x51 Core/Src/brain.o
 .debug_macro   0x0000000000000ffd      0x103 Core/Src/brain.o
 .debug_macro   0x0000000000001100       0x6a Core/Src/brain.o
 .debug_macro   0x000000000000116a      0x1df Core/Src/brain.o
 .debug_macro   0x0000000000001349       0x1c Core/Src/brain.o
 .debug_macro   0x0000000000001365       0x22 Core/Src/brain.o
 .debug_macro   0x0000000000001387       0xdf Core/Src/brain.o
 .debug_macro   0x0000000000001466     0x12cd Core/Src/brain.o
 .debug_macro   0x0000000000002733      0x11f Core/Src/brain.o
 .debug_macro   0x0000000000002852       0x19 Core/Src/brain.o
 .debug_macro   0x000000000000286b    0x1912f Core/Src/brain.o
 .debug_macro   0x000000000001b99a       0x43 Core/Src/brain.o
 .debug_macro   0x000000000001b9dd     0x363d Core/Src/brain.o
 .debug_macro   0x000000000001f01a      0x174 Core/Src/brain.o
 .debug_macro   0x000000000001f18e       0x61 Core/Src/brain.o
 .debug_macro   0x000000000001f1ef     0x1a43 Core/Src/brain.o
 .debug_macro   0x0000000000020c32      0x6c4 Core/Src/brain.o
 .debug_macro   0x00000000000212f6      0x109 Core/Src/brain.o
 .debug_macro   0x00000000000213ff      0x117 Core/Src/brain.o
 .debug_macro   0x0000000000021516      0x25a Core/Src/brain.o
 .debug_macro   0x0000000000021770       0x27 Core/Src/brain.o
 .debug_macro   0x0000000000021797      0x24f Core/Src/brain.o
 .debug_macro   0x00000000000219e6       0x71 Core/Src/brain.o
 .debug_macro   0x0000000000021a57       0x58 Core/Src/brain.o
 .debug_macro   0x0000000000021aaf      0x236 Core/Src/brain.o
 .debug_macro   0x0000000000021ce5      0x408 Core/Src/brain.o
 .debug_macro   0x00000000000220ed      0x161 Core/Src/brain.o
 .debug_macro   0x000000000002224e      0x100 Core/Src/brain.o
 .debug_macro   0x000000000002234e      0x14f Core/Src/brain.o
 .debug_macro   0x000000000002249d      0x3dc Core/Src/brain.o
 .debug_macro   0x0000000000022879       0x12 Core/Src/brain.o
 .debug_macro   0x000000000002288b      0x22c Core/Src/brain.o
 .debug_macro   0x0000000000022ab7       0x61 Core/Src/brain.o
 .debug_macro   0x0000000000022b18       0xa5 Core/Src/brain.o
 .debug_macro   0x0000000000022bbd      0x12f Core/Src/brain.o
 .debug_macro   0x0000000000022cec      0x108 Core/Src/brain.o
 .debug_macro   0x0000000000022df4       0x35 Core/Src/brain.o
 .debug_macro   0x0000000000022e29      0x2fe Core/Src/brain.o
 .debug_macro   0x0000000000023127      0x9f0 Core/Src/brain.o
 .debug_macro   0x0000000000023b17       0xa9 Core/Src/brain.o
 .debug_macro   0x0000000000023bc0      0x519 Core/Src/brain.o
 .debug_macro   0x00000000000240d9       0x44 Core/Src/brain.o
 .debug_macro   0x000000000002411d      0x15c Core/Src/brain.o
 .debug_macro   0x0000000000024279      0x52d Core/Src/brain.o
 .debug_macro   0x00000000000247a6      0x256 Core/Src/corrector.o
 .debug_macro   0x00000000000249fc      0x248 Core/Src/it.o
 .debug_macro   0x0000000000024c44      0x3f0 Core/Src/main.o
 .debug_macro   0x0000000000025034       0x52 Core/Src/main.o
 .debug_macro   0x0000000000025086      0x333 Core/Src/main.o
 .debug_macro   0x00000000000253b9      0x1a9 Core/Src/main.o
 .debug_macro   0x0000000000025562      0x24e Core/Src/motors.o
 .debug_macro   0x00000000000257b0      0x317 Core/Src/odometry.o
 .debug_macro   0x0000000000025ac7       0x16 Core/Src/odometry.o
 .debug_macro   0x0000000000025add      0x10e Core/Src/odometry.o
 .debug_macro   0x0000000000025beb       0x8d Core/Src/odometry.o
 .debug_macro   0x0000000000025c78       0x16 Core/Src/odometry.o
 .debug_macro   0x0000000000025c8e       0x29 Core/Src/odometry.o
 .debug_macro   0x0000000000025cb7      0x305 Core/Src/pilote.o
 .debug_macro   0x0000000000025fbc      0x254 Core/Src/secretary.o
 .debug_macro   0x0000000000026210      0x220 Core/Src/stm32f7xx_hal_msp.o
 .debug_macro   0x0000000000026430      0x22a Core/Src/stm32f7xx_it.o
 .debug_macro   0x000000000002665a      0x217 Core/Src/system_stm32f7xx.o
 .debug_macro   0x0000000000026871      0x235 Drivers/STM32F7xx_HAL_Driver/Src/stm32f7xx_hal.o
 .debug_macro   0x0000000000026aa6      0x212 Drivers/STM32F7xx_HAL_Driver/Src/stm32f7xx_hal_adc.o
 .debug_macro   0x0000000000026cb8      0x211 Drivers/STM32F7xx_HAL_Driver/Src/stm32f7xx_hal_adc_ex.o
 .debug_macro   0x0000000000026ec9      0x211 Drivers/STM32F7xx_HAL_Driver/Src/stm32f7xx_hal_cortex.o
 .debug_macro   0x00000000000270da      0x217 Drivers/STM32F7xx_HAL_Driver/Src/stm32f7xx_hal_dma.o
 .debug_macro   0x00000000000272f1      0x247 Drivers/STM32F7xx_HAL_Driver/Src/stm32f7xx_hal_gpio.o
 .debug_macro   0x0000000000027538      0x2d6 Drivers/STM32F7xx_HAL_Driver/Src/stm32f7xx_hal_i2c.o
 .debug_macro   0x000000000002780e      0x211 Drivers/STM32F7xx_HAL_Driver/Src/stm32f7xx_hal_i2c_ex.o
 .debug_macro   0x0000000000027a1f      0x229 Drivers/STM32F7xx_HAL_Driver/Src/stm32f7xx_hal_pwr_ex.o
 .debug_macro   0x0000000000027c48      0x235 Drivers/STM32F7xx_HAL_Driver/Src/stm32f7xx_hal_rcc.o
 .debug_macro   0x0000000000027e7d      0x211 Drivers/STM32F7xx_HAL_Driver/Src/stm32f7xx_hal_rcc_ex.o
 .debug_macro   0x000000000002808e      0x219 Drivers/STM32F7xx_HAL_Driver/Src/stm32f7xx_hal_spi.o
 .debug_macro   0x00000000000282a7      0x212 Drivers/STM32F7xx_HAL_Driver/Src/stm32f7xx_hal_tim.o
 .debug_macro   0x00000000000284b9      0x211 Drivers/STM32F7xx_HAL_Driver/Src/stm32f7xx_hal_tim_ex.o
 .debug_macro   0x00000000000286ca      0x22e Drivers/STM32F7xx_HAL_Driver/Src/stm32f7xx_hal_uart.o

.debug_line     0x0000000000000000    0x1c3b8
 .debug_line    0x0000000000000000      0x8f6 Core/Src/brain.o
 .debug_line    0x00000000000008f6      0xa63 Core/Src/corrector.o
 .debug_line    0x0000000000001359      0x935 Core/Src/it.o
 .debug_line    0x0000000000001c8e     0x14a1 Core/Src/main.o
 .debug_line    0x000000000000312f      0xa6c Core/Src/motors.o
 .debug_line    0x0000000000003b9b      0xbce Core/Src/odometry.o
 .debug_line    0x0000000000004769      0xb8c Core/Src/pilote.o
 .debug_line    0x00000000000052f5      0xa43 Core/Src/secretary.o
 .debug_line    0x0000000000005d38      0xe84 Core/Src/stm32f7xx_hal_msp.o
 .debug_line    0x0000000000006bbc      0xa76 Core/Src/stm32f7xx_it.o
 .debug_line    0x0000000000007632      0x951 Core/Src/system_stm32f7xx.o
 .debug_line    0x0000000000007f83       0x86 Core/Startup/startup_stm32f765zitx.o
 .debug_line    0x0000000000008009      0xbe8 Drivers/STM32F7xx_HAL_Driver/Src/stm32f7xx_hal.o
 .debug_line    0x0000000000008bf1     0x13ba Drivers/STM32F7xx_HAL_Driver/Src/stm32f7xx_hal_adc.o
 .debug_line    0x0000000000009fab     0x101f Drivers/STM32F7xx_HAL_Driver/Src/stm32f7xx_hal_adc_ex.o
 .debug_line    0x000000000000afca      0xe47 Drivers/STM32F7xx_HAL_Driver/Src/stm32f7xx_hal_cortex.o
 .debug_line    0x000000000000be11     0x1115 Drivers/STM32F7xx_HAL_Driver/Src/stm32f7xx_hal_dma.o
 .debug_line    0x000000000000cf26      0xd47 Drivers/STM32F7xx_HAL_Driver/Src/stm32f7xx_hal_gpio.o
 .debug_line    0x000000000000dc6d     0x3385 Drivers/STM32F7xx_HAL_Driver/Src/stm32f7xx_hal_i2c.o
 .debug_line    0x0000000000010ff2      0x9ec Drivers/STM32F7xx_HAL_Driver/Src/stm32f7xx_hal_i2c_ex.o
 .debug_line    0x00000000000119de      0xb36 Drivers/STM32F7xx_HAL_Driver/Src/stm32f7xx_hal_pwr_ex.o
 .debug_line    0x0000000000012514      0xfb6 Drivers/STM32F7xx_HAL_Driver/Src/stm32f7xx_hal_rcc.o
 .debug_line    0x00000000000134ca      0xfe1 Drivers/STM32F7xx_HAL_Driver/Src/stm32f7xx_hal_rcc_ex.o
 .debug_line    0x00000000000144ab     0x2065 Drivers/STM32F7xx_HAL_Driver/Src/stm32f7xx_hal_spi.o
 .debug_line    0x0000000000016510     0x2d12 Drivers/STM32F7xx_HAL_Driver/Src/stm32f7xx_hal_tim.o
 .debug_line    0x0000000000019222     0x1523 Drivers/STM32F7xx_HAL_Driver/Src/stm32f7xx_hal_tim_ex.o
 .debug_line    0x000000000001a745     0x1c73 Drivers/STM32F7xx_HAL_Driver/Src/stm32f7xx_hal_uart.o

.debug_str      0x0000000000000000    0xfb1ef
 .debug_str     0x0000000000000000    0xf08e6 Core/Src/brain.o
                                      0xf115f (size before relaxing)
 .debug_str     0x00000000000f08e6      0x41c Core/Src/corrector.o
                                      0xf1492 (size before relaxing)
 .debug_str     0x00000000000f0d02       0xad Core/Src/it.o
                                      0xf111d (size before relaxing)
 .debug_str     0x00000000000f0daf     0x51cc Core/Src/main.o
                                      0xf63fb (size before relaxing)
 .debug_str     0x00000000000f5f7b       0xa2 Core/Src/motors.o
                                      0xf11af (size before relaxing)
 .debug_str     0x00000000000f601d      0x2a5 Core/Src/odometry.o
                                      0xf4da4 (size before relaxing)
 .debug_str     0x00000000000f62c2       0xb7 Core/Src/pilote.o
                                      0xf4cd9 (size before relaxing)
 .debug_str     0x00000000000f6379      0x163 Core/Src/secretary.o
                                      0xf12e2 (size before relaxing)
 .debug_str     0x00000000000f64dc      0x752 Core/Src/stm32f7xx_hal_msp.o
                                      0xf1947 (size before relaxing)
 .debug_str     0x00000000000f6c2e      0x167 Core/Src/stm32f7xx_it.o
                                      0xf11be (size before relaxing)
 .debug_str     0x00000000000f6d95      0x18d Core/Src/system_stm32f7xx.o
                                      0xef228 (size before relaxing)
 .debug_str     0x00000000000f6f22       0x36 Core/Startup/startup_stm32f765zitx.o
                                         0x5a (size before relaxing)
 .debug_str     0x00000000000f6f58      0x3a8 Drivers/STM32F7xx_HAL_Driver/Src/stm32f7xx_hal.o
                                      0xefb83 (size before relaxing)
 .debug_str     0x00000000000f7300      0x28f Drivers/STM32F7xx_HAL_Driver/Src/stm32f7xx_hal_adc.o
                                      0xef6cb (size before relaxing)
 .debug_str     0x00000000000f758f      0x302 Drivers/STM32F7xx_HAL_Driver/Src/stm32f7xx_hal_adc_ex.o
                                      0xef705 (size before relaxing)
 .debug_str     0x00000000000f7891      0x388 Drivers/STM32F7xx_HAL_Driver/Src/stm32f7xx_hal_cortex.o
                                      0xefbfc (size before relaxing)
 .debug_str     0x00000000000f7c19      0x328 Drivers/STM32F7xx_HAL_Driver/Src/stm32f7xx_hal_dma.o
                                      0xef562 (size before relaxing)
 .debug_str     0x00000000000f7f41      0x244 Drivers/STM32F7xx_HAL_Driver/Src/stm32f7xx_hal_gpio.o
                                      0xef3fe (size before relaxing)
 .debug_str     0x00000000000f8185      0xcef Drivers/STM32F7xx_HAL_Driver/Src/stm32f7xx_hal_i2c.o
                                      0xf0316 (size before relaxing)
 .debug_str     0x00000000000f8e74       0x89 Drivers/STM32F7xx_HAL_Driver/Src/stm32f7xx_hal_i2c_ex.o
                                      0xef6e5 (size before relaxing)
 .debug_str     0x00000000000f8efd      0x1d1 Drivers/STM32F7xx_HAL_Driver/Src/stm32f7xx_hal_pwr_ex.o
                                      0xef4a2 (size before relaxing)
 .debug_str     0x00000000000f90ce      0x25e Drivers/STM32F7xx_HAL_Driver/Src/stm32f7xx_hal_rcc.o
                                      0xef551 (size before relaxing)
 .debug_str     0x00000000000f932c      0x161 Drivers/STM32F7xx_HAL_Driver/Src/stm32f7xx_hal_rcc_ex.o
                                      0xef511 (size before relaxing)
 .debug_str     0x00000000000f948d      0x540 Drivers/STM32F7xx_HAL_Driver/Src/stm32f7xx_hal_spi.o
                                      0xef9e2 (size before relaxing)
 .debug_str     0x00000000000f99cd      0xbf5 Drivers/STM32F7xx_HAL_Driver/Src/stm32f7xx_hal_tim.o
                                      0xf02b4 (size before relaxing)
 .debug_str     0x00000000000fa5c2      0x4e6 Drivers/STM32F7xx_HAL_Driver/Src/stm32f7xx_hal_tim_ex.o
                                      0xefbc7 (size before relaxing)
 .debug_str     0x00000000000faaa8      0x747 Drivers/STM32F7xx_HAL_Driver/Src/stm32f7xx_hal_uart.o
                                      0xefd16 (size before relaxing)

.comment        0x0000000000000000       0x53
 .comment       0x0000000000000000       0x53 Core/Src/brain.o
                                         0x54 (size before relaxing)
 .comment       0x0000000000000053       0x54 Core/Src/corrector.o
 .comment       0x0000000000000053       0x54 Core/Src/it.o
 .comment       0x0000000000000053       0x54 Core/Src/main.o
 .comment       0x0000000000000053       0x54 Core/Src/motors.o
 .comment       0x0000000000000053       0x54 Core/Src/odometry.o
 .comment       0x0000000000000053       0x54 Core/Src/pilote.o
 .comment       0x0000000000000053       0x54 Core/Src/secretary.o
 .comment       0x0000000000000053       0x54 Core/Src/stm32f7xx_hal_msp.o
 .comment       0x0000000000000053       0x54 Core/Src/stm32f7xx_it.o
 .comment       0x0000000000000053       0x54 Core/Src/system_stm32f7xx.o
 .comment       0x0000000000000053       0x54 Drivers/STM32F7xx_HAL_Driver/Src/stm32f7xx_hal.o
 .comment       0x0000000000000053       0x54 Drivers/STM32F7xx_HAL_Driver/Src/stm32f7xx_hal_adc.o
 .comment       0x0000000000000053       0x54 Drivers/STM32F7xx_HAL_Driver/Src/stm32f7xx_hal_adc_ex.o
 .comment       0x0000000000000053       0x54 Drivers/STM32F7xx_HAL_Driver/Src/stm32f7xx_hal_cortex.o
 .comment       0x0000000000000053       0x54 Drivers/STM32F7xx_HAL_Driver/Src/stm32f7xx_hal_dma.o
 .comment       0x0000000000000053       0x54 Drivers/STM32F7xx_HAL_Driver/Src/stm32f7xx_hal_gpio.o
 .comment       0x0000000000000053       0x54 Drivers/STM32F7xx_HAL_Driver/Src/stm32f7xx_hal_i2c.o
 .comment       0x0000000000000053       0x54 Drivers/STM32F7xx_HAL_Driver/Src/stm32f7xx_hal_i2c_ex.o
 .comment       0x0000000000000053       0x54 Drivers/STM32F7xx_HAL_Driver/Src/stm32f7xx_hal_pwr_ex.o
 .comment       0x0000000000000053       0x54 Drivers/STM32F7xx_HAL_Driver/Src/stm32f7xx_hal_rcc.o
 .comment       0x0000000000000053       0x54 Drivers/STM32F7xx_HAL_Driver/Src/stm32f7xx_hal_rcc_ex.o
 .comment       0x0000000000000053       0x54 Drivers/STM32F7xx_HAL_Driver/Src/stm32f7xx_hal_spi.o
 .comment       0x0000000000000053       0x54 Drivers/STM32F7xx_HAL_Driver/Src/stm32f7xx_hal_tim.o
 .comment       0x0000000000000053       0x54 Drivers/STM32F7xx_HAL_Driver/Src/stm32f7xx_hal_tim_ex.o
 .comment       0x0000000000000053       0x54 Drivers/STM32F7xx_HAL_Driver/Src/stm32f7xx_hal_uart.o

.debug_frame    0x0000000000000000     0x58e4
 .debug_frame   0x0000000000000000       0x2c Core/Src/brain.o
 .debug_frame   0x000000000000002c       0x38 Core/Src/corrector.o
 .debug_frame   0x0000000000000064       0x98 Core/Src/it.o
 .debug_frame   0x00000000000000fc      0x3e4 Core/Src/main.o
 .debug_frame   0x00000000000004e0       0x38 Core/Src/motors.o
 .debug_frame   0x0000000000000518      0x104 Core/Src/odometry.o
 .debug_frame   0x000000000000061c       0x74 Core/Src/pilote.o
 .debug_frame   0x0000000000000690       0x78 Core/Src/secretary.o
 .debug_frame   0x0000000000000708      0x210 Core/Src/stm32f7xx_hal_msp.o
 .debug_frame   0x0000000000000918      0x240 Core/Src/stm32f7xx_it.o
 .debug_frame   0x0000000000000b58       0x58 Core/Src/system_stm32f7xx.o
 .debug_frame   0x0000000000000bb0      0x3f4 Drivers/STM32F7xx_HAL_Driver/Src/stm32f7xx_hal.o
 .debug_frame   0x0000000000000fa4      0x3fc Drivers/STM32F7xx_HAL_Driver/Src/stm32f7xx_hal_adc.o
 .debug_frame   0x00000000000013a0      0x250 Drivers/STM32F7xx_HAL_Driver/Src/stm32f7xx_hal_adc_ex.o
 .debug_frame   0x00000000000015f0      0x498 Drivers/STM32F7xx_HAL_Driver/Src/stm32f7xx_hal_cortex.o
 .debug_frame   0x0000000000001a88      0x250 Drivers/STM32F7xx_HAL_Driver/Src/stm32f7xx_hal_dma.o
 .debug_frame   0x0000000000001cd8      0x14c Drivers/STM32F7xx_HAL_Driver/Src/stm32f7xx_hal_gpio.o
 .debug_frame   0x0000000000001e24      0xbc0 Drivers/STM32F7xx_HAL_Driver/Src/stm32f7xx_hal_i2c.o
 .debug_frame   0x00000000000029e4       0xb0 Drivers/STM32F7xx_HAL_Driver/Src/stm32f7xx_hal_i2c_ex.o
 .debug_frame   0x0000000000002a94      0x1c8 Drivers/STM32F7xx_HAL_Driver/Src/stm32f7xx_hal_pwr_ex.o
 .debug_frame   0x0000000000002c5c      0x1f4 Drivers/STM32F7xx_HAL_Driver/Src/stm32f7xx_hal_rcc.o
 .debug_frame   0x0000000000002e50      0x118 Drivers/STM32F7xx_HAL_Driver/Src/stm32f7xx_hal_rcc_ex.o
 .debug_frame   0x0000000000002f68      0x860 Drivers/STM32F7xx_HAL_Driver/Src/stm32f7xx_hal_spi.o
 .debug_frame   0x00000000000037c8     0x1144 Drivers/STM32F7xx_HAL_Driver/Src/stm32f7xx_hal_tim.o
 .debug_frame   0x000000000000490c      0x638 Drivers/STM32F7xx_HAL_Driver/Src/stm32f7xx_hal_tim_ex.o
 .debug_frame   0x0000000000004f44      0x8f4 Drivers/STM32F7xx_HAL_Driver/Src/stm32f7xx_hal_uart.o
 .debug_frame   0x0000000000005838       0x2c c:/users/laffargue/documents/robot_surveillance/logiciels/stm32cubeide_1.6.0/stm32cubeide/plugins/com.st.stm32cube.ide.mcu.externaltools.gnu-tools-for-stm32.9-2020-q2-update.win32_1.5.0.202011040924/tools/bin/../lib/gcc/arm-none-eabi/9.3.1/../../../../arm-none-eabi/lib/thumb/v7e-m+dp/hard\libc_nano.a(lib_a-init.o)
 .debug_frame   0x0000000000005864       0x20 c:/users/laffargue/documents/robot_surveillance/logiciels/stm32cubeide_1.6.0/stm32cubeide/plugins/com.st.stm32cube.ide.mcu.externaltools.gnu-tools-for-stm32.9-2020-q2-update.win32_1.5.0.202011040924/tools/bin/../lib/gcc/arm-none-eabi/9.3.1/../../../../arm-none-eabi/lib/thumb/v7e-m+dp/hard\libc_nano.a(lib_a-memset.o)
 .debug_frame   0x0000000000005884       0x2c c:/users/laffargue/documents/robot_surveillance/logiciels/stm32cubeide_1.6.0/stm32cubeide/plugins/com.st.stm32cube.ide.mcu.externaltools.gnu-tools-for-stm32.9-2020-q2-update.win32_1.5.0.202011040924/tools/bin/../lib/gcc/arm-none-eabi/9.3.1/thumb/v7e-m+dp/hard\libgcc.a(_aeabi_uldivmod.o)
 .debug_frame   0x00000000000058b0       0x34 c:/users/laffargue/documents/robot_surveillance/logiciels/stm32cubeide_1.6.0/stm32cubeide/plugins/com.st.stm32cube.ide.mcu.externaltools.gnu-tools-for-stm32.9-2020-q2-update.win32_1.5.0.202011040924/tools/bin/../lib/gcc/arm-none-eabi/9.3.1/thumb/v7e-m+dp/hard\libgcc.a(_udivmoddi4.o)