main.c:139:5:main	8	static
main.c:211:6:SystemClock_Config	232	static
main.c:271:13:MX_ADC1_Init	24	static
main.c:329:13:MX_ADC3_Init	24	static
main.c:403:13:MX_I2C4_Init	8	static
main.c:449:13:MX_SPI1_Init	8	static
main.c:489:13:MX_SPI2_Init	8	static
main.c:528:13:MX_SPI3_Init	8	static
main.c:568:13:MX_SPI4_Init	8	static
main.c:607:13:MX_SPI6_Init	8	static
main.c:647:13:MX_TIM2_Init	56	static
main.c:696:13:MX_TIM3_Init	56	static
main.c:745:13:MX_TIM4_Init	56	static
main.c:794:13:MX_TIM5_Init	56	static
main.c:843:13:MX_TIM6_Init	24	static
main.c:881:13:MX_TIM7_Init	24	static
main.c:919:13:MX_TIM8_Init	112	static
main.c:1003:13:MX_TIM9_Init	56	static
main.c:1059:13:MX_TIM10_Init	40	static
main.c:1105:13:MX_TIM11_Init	40	static
main.c:1151:13:MX_TIM13_Init	40	static
main.c:1197:13:MX_TIM14_Init	40	static
main.c:1243:13:MX_USART1_UART_Init	8	static
main.c:1278:13:MX_USART2_UART_Init	8	static
main.c:1313:13:MX_USART3_UART_Init	8	static
main.c:1348:13:MX_GPIO_Init	64	static
main.c:1459:6:board_message_init	8	static
main.c:1471:6:board_motors_init	8	static
main.c:1507:6:board_encodeurs_init	8	static
main.c:1526:6:Error_Handler	4	static
