stm32f7xx_it.c:81:6:NMI_Handler	4	static
stm32f7xx_it.c:94:6:HardFault_Handler	4	static
stm32f7xx_it.c:109:6:MemManage_Handler	4	static
stm32f7xx_it.c:124:6:BusFault_Handler	4	static
stm32f7xx_it.c:139:6:UsageFault_Handler	4	static
stm32f7xx_it.c:154:6:SVC_Handler	4	static
stm32f7xx_it.c:167:6:DebugMon_Handler	4	static
stm32f7xx_it.c:180:6:PendSV_Handler	4	static
stm32f7xx_it.c:193:6:SysTick_Handler	8	static
stm32f7xx_it.c:214:6:ADC_IRQHandler	8	static
stm32f7xx_it.c:229:6:SPI1_IRQHandler	8	static
stm32f7xx_it.c:243:6:SPI2_IRQHandler	8	static
stm32f7xx_it.c:257:6:USART1_IRQHandler	8	static
stm32f7xx_it.c:271:6:USART2_IRQHandler	8	static
stm32f7xx_it.c:285:6:USART3_IRQHandler	8	static
stm32f7xx_it.c:299:6:SPI3_IRQHandler	8	static
stm32f7xx_it.c:313:6:TIM6_DAC_IRQHandler	8	static
stm32f7xx_it.c:327:6:TIM7_IRQHandler	8	static
stm32f7xx_it.c:341:6:SPI4_IRQHandler	8	static
stm32f7xx_it.c:355:6:SPI6_IRQHandler	8	static
